<html>
<body>
<pre>
<h1>�Vision Build Log</h1>
<h2>Tool Versions:</h2>
IDE-Version: ��Vision V5.36.0.0
Copyright (C) 2021 ARM Ltd and ARM Germany GmbH. All rights reserved.
License Information: q q, q, LIC=FYKYW-QU9C8-305NC-78G2H-4SU4X-6HYUX
 
Tool Versions:
Toolchain:       MDK-ARM Plus  Version: 5.36.0.0
Toolchain Path:  C:\Keil_v5\ARM\ARMCLANG\Bin
C Compiler:      ArmClang.exe V6.16
Assembler:       Armasm.exe V6.16
Linker/Locator:  ArmLink.exe V6.16
Library Manager: ArmAr.exe V6.16
Hex Converter:   FromElf.exe V6.16
CPU DLL:         SARMCM3.DLL V5.36.0.0
Dialog DLL:      DCM.DLL V1.17.3.0
Target DLL:      STLink\ST-LINKIII-KEIL_SWO.dll V3.0.9.0
Dialog DLL:      TCM.DLL V1.53.0.0
 
<h2>Project:</h2>
C:\Users\Huang\Desktop\w\Screen_Control\MDK-ARM\ui.uvprojx
Project File Date:  04/28/2025

<h2>Output:</h2>
*** Using Compiler 'V6.16', folder: 'C:\Keil_v5\ARM\ARMCLANG\Bin'
Build target 'ui'
compiling ui.c...
compiling key.c...
compiling state.c...
compiling main.c...
compiling TJC4832K035_011N.c...
../Screen_Control/Src/menu_draw.c(13): warning: illegal character encoding in string literal [-Winvalid-source-encoding]
    "1. <B9><A4><D7><F7>ģʽѡ<D4><F1>",
        ^~~~~~~~~~~~~~~~   ~~~~~~~~
../Screen_Control/Src/menu_draw.c(14): warning: illegal character encoding in string literal [-Winvalid-source-encoding]
    "2. <B9><A4><D7><F7><B2><CE><CA><FD><C9><E8><D6><C3>",
        ^~~~~~~~~~~~~~~~~~~~~~~~~~~~~~~~~~~~~~~~~~~~~~~~
../Screen_Control/Src/menu_draw.c(15): warning: illegal character encoding in string literal [-Winvalid-source-encoding]
    "3. <BF><D8><D6><C6><C6><F7><B2><CE><CA><FD>"};
        ^~~~~~~~~~~~~~~~~~~~~~~~~~~~~~~~~~~~~~~~
../Screen_Control/Src/menu_draw.c(19): warning: illegal character encoding in string literal [-Winvalid-source-encoding]
    "1. <D7>Զ<AF><B9><D8>",
        ^~~~ ~~~~~~~~~~~~
../Screen_Control/Src/menu_draw.c(20): warning: illegal character encoding in string literal [-Winvalid-source-encoding]
    "2. <D7>Զ<AF><BF><AA>",
        ^~~~ ~~~~~~~~~~~~
../Screen_Control/Src/menu_draw.c(21): warning: illegal character encoding in string literal [-Winvalid-source-encoding]
    "3. <C2><FD><CB><D9><D5><E6><BF>տ<D8><D6><C6>",
        ^~~~~~~~~~~~~~~~~~~~~~~~~~~~ ~~~~~~~~~~~~
../Screen_Control/Src/menu_draw.c(22): warning: illegal character encoding in string literal [-Winvalid-source-encoding]
    "4. <D5><E6><BF><D5>ѹ<C1><A6><BF><D8><D6><C6>",
        ^~~~~~~~~~~~~~~~ ~~~~~~~~~~~~~~~~~~~~~~~~
../Screen_Control/Src/menu_draw.c(23): warning: illegal character encoding in string literal [-Winvalid-source-encoding]
    "5. <B7><A7><C3>ſ<AA><B6>ȿ<D8><D6><C6>",
        ^~~~~~~~~~~~ ~~~~~~~~ ~~~~~~~~~~~~
../Screen_Control/Src/menu_draw.c(24): warning: illegal character encoding in string literal [-Winvalid-source-encoding]
    "6. <B7><A7><C3>ſ<AA><B6>ȱ<A3><B3><D6>"};
        ^~~~~~~~~~~~ ~~~~~~~~ ~~~~~~~~~~~~
../Screen_Control/Src/menu_draw.c(28): warning: illegal character encoding in string literal [-Winvalid-source-encoding]
    "1. ѹ<C1><A6><B5><A5>λ<C9><E8><D6><C3>",
         ^~~~~~~~~~~~~~~~ ~~~~~~~~~~~~~~~~
../Screen_Control/Src/menu_draw.c(29): warning: illegal character encoding in string literal [-Winvalid-source-encoding]
    "2. <BF><D8>ѹPID<C9><E8><D6><C3>",
        ^~~~~~~~    ~~~~~~~~~~~~~~~~
../Screen_Control/Src/menu_draw.c(30): warning: illegal character encoding in string literal [-Winvalid-source-encoding]
    "3. λ<D6>û<B7>PID<C9><E8><D6><C3>",
         ^~~~ ~~~~   ~~~~~~~~~~~~~~~~
../Screen_Control/Src/menu_draw.c(31): warning: illegal character encoding in string literal [-Winvalid-source-encoding]
    "4. <B7><A7><C3><C5>ȫ<B9><D8>ֵ<C9><E8><D6><C3>",
        ^~~~~~~~~~~~~~~~ ~~~~~~~~~~~~~~~~~~~~~~~~
../Screen_Control/Src/menu_draw.c(32): warning: illegal character encoding in string literal [-Winvalid-source-encoding]
    "5. <C1><E3><B5><E3>У<U+05FC>",
        ^~~~~~~~~~~~~~~~
../Screen_Control/Src/menu_draw.c(33): warning: illegal character encoding in string literal [-Winvalid-source-encoding]
    "6. REMOTE<BC><EC><B2><E9>",
              ^~~~~~~~~~~~~~~~
../Screen_Control/Src/menu_draw.c(34): warning: illegal character encoding in string literal [-Winvalid-source-encoding]
    "7. <B4><ED><CE><F3><BC><C7>¼"};
        ^~~~~~~~~~~~~~~~~~~~~~~~
../Screen_Control/Src/menu_draw.c(38): warning: illegal character encoding in string literal [-Winvalid-source-encoding]
    " 1. <B4><AB><B8><D0><C6><F7><C1><BF><B3><CC><C9><E8><D6><C3>",
         ^~~~~~~~~~~~~~~~~~~~~~~~~~~~~~~~~~~~~~~~~~~~~~~~~~~~~~~~
../Screen_Control/Src/menu_draw.c(39): warning: illegal character encoding in string literal [-Winvalid-source-encoding]
    " 2. <C1><AA><CB><F8><B2><CE><CA><FD><C9><E8><D6><C3>",
         ^~~~~~~~~~~~~~~~~~~~~~~~~~~~~~~~~~~~~~~~~~~~~~~~
../Screen_Control/Src/menu_draw.c(40): warning: illegal character encoding in string literal [-Winvalid-source-encoding]
    " 3. ͨ<D0><C5><C9><E8><D6><C3>",
         ^~~~~~~~~~~~~~~~~~~~~~~~
../Screen_Control/Src/menu_draw.c(41): warning: illegal character encoding in string literal [-Winvalid-source-encoding]
    " 4. <CD><F8><BF><DA><C9><E8><D6><C3>",
         ^~~~~~~~~~~~~~~~~~~~~~~~~~~~~~~~
../Screen_Control/Src/menu_draw.c(42): warning: illegal character encoding in string literal [-Winvalid-source-encoding]
    " 5. <B4><AB><B8><D0><C6><F7><D0>ź<C5>ƫ<D6><C3>",
         ^~~~~~~~~~~~~~~~~~~~~~~~~~~~ ~~~~ ~~~~~~~~
../Screen_Control/Src/menu_draw.c(43): warning: illegal character encoding in string literal [-Winvalid-source-encoding]
    " 6. ģ<C4><E2><C1><BF><CA><E4><C8><EB>У<U+05FC>",
          ^~~~~~~~~~~~~~~~~~~~~~~~~~~~~~~~
../Screen_Control/Src/menu_draw.c(44): warning: illegal character encoding in string literal [-Winvalid-source-encoding]
    " 7. ģ<C4><E2><C1><BF><CA><E4><C8><EB><D0>ź<C5>ƫ<D6><C3>",
          ^~~~~~~~~~~~~~~~~~~~~~~~~~~~~~~~~~~~ ~~~~ ~~~~~~~~
../Screen_Control/Src/menu_draw.c(45): warning: illegal character encoding in string literal [-Winvalid-source-encoding]
    " 8. <BB>ָ<B4>Ĭ<C8><CF>",
         ^~~~~~~~ ~~~~~~~~
../Screen_Control/Src/menu_draw.c(46): warning: illegal character encoding in string literal [-Winvalid-source-encoding]
    " 9. <BF><D8><D6><C6><C6><F7>Ĭ<C8><CF>ֵ<C9><E8><D6><C3>",
         ^~~~~~~~~~~~~~~~~~~~~~~~ ~~~~~~~~~~~~~~~~~~~~~~~~
../Screen_Control/Src/menu_draw.c(47): warning: illegal character encoding in string literal [-Winvalid-source-encoding]
    "10. <BF><AA><B9>ؼ<C6><CA><FD><B7><A7>ֵ<C9><E8><D6><C3>"};
         ^~~~~~~~~~~~ ~~~~~~~~~~~~~~~~~~~~~~~~~~~~~~~~~~~~
../Screen_Control/Src/menu_draw.c(82): warning: illegal character encoding in string literal [-Winvalid-source-encoding]
        Send_Xstr(x, y, arrow_width, item_height, font_size, BLACK, LIGHT_BLUE, 0, 1, 1, "\"<A1><FA>\"");
                                                                                            ^~~~~~~~
../Screen_Control/Src/menu_draw.c(169): warning: illegal character encoding in string literal [-Winvalid-source-encoding]
    Draw_Title("<D6><F7><B2>˵<A5>");
                ^~~~~~~~~~~~ ~~~~
../Screen_Control/Src/menu_draw.c(181): warning: illegal character encoding in string literal [-Winvalid-source-encoding]
            Send_Xstr(x, y, 40, main_item_height, main_font_size, BLACK, LIGHT_BLUE, 0, 1, 1, "\"<A1><FA>\"");
                                                                                                 ^~~~~~~~
../Screen_Control/Src/menu_draw.c(204): warning: illegal character encoding in string literal [-Winvalid-source-encoding]
    Draw_Submenu("<B9><A4><D7><F7>ģʽѡ<D4><F1>", work_mode_menu_items, 6, menu->cursor_pos);
                  ^~~~~~~~~~~~~~~~   ~~~~~~~~
../Screen_Control/Src/menu_draw.c(213): warning: illegal character encoding in string literal [-Winvalid-source-encoding]
    Draw_Submenu("<B9><A4><D7><F7><B2><CE><CA><FD><C9><E8><D6><C3>", work_params_menu_items, 7, menu->cursor_pos);
                  ^~~~~~~~~~~~~~~~~~~~~~~~~~~~~~~~~~~~~~~~~~~~~~~~
../Screen_Control/Src/menu_draw.c(222): warning: illegal character encoding in string literal [-Winvalid-source-encoding]
    Draw_Submenu("<BF><D8><D6><C6><C6><F7><B2><CE><CA><FD><C9><E8><D6><C3>", ctrl_params_menu_items, 10, menu->cursor_pos);
                  ^~~~~~~~~~~~~~~~~~~~~~~~~~~~~~~~~~~~~~~~~~~~~~~~~~~~~~~~
../Screen_Control/Src/menu_draw.c(272): warning: illegal character encoding in string literal [-Winvalid-source-encoding]
              font_size, BLACK, LIGHT_BLUE, 0, 1, 1, "\"<A1><FA>\"");
                                                        ^~~~~~~~
33 warnings generated.
compiling menu_draw.c...
linking...
Program Size: Code=11360 RO-data=1008 RW-data=108 ZI-data=1540  
FromELF: creating hex file...
"ui\ui.axf" - 0 Error(s), 33 Warning(s).

<h2>Software Packages used:</h2>

Package Vendor: ARM
                https://www.keil.com/pack/ARM.CMSIS.6.1.0.pack
                ARM.CMSIS.6.1.0
                CMSIS (Common Microcontroller Software Interface Standard)
   * Component: CORE Version: 6.1.0

Package Vendor: Keil
                https://www.keil.com/pack/Keil.STM32F4xx_DFP.2.17.1.pack
                Keil.STM32F4xx_DFP.2.17.1
                STMicroelectronics STM32F4 Series Device Support, Drivers and Examples

<h2>Collection of Component include folders:</h2>
  .\RTE\_ui
  C:\Users\Huang\AppData\Local\Arm\Packs\ARM\CMSIS\6.1.0\CMSIS\Core\Include
  C:\Users\Huang\AppData\Local\Arm\Packs\Keil\STM32F4xx_DFP\2.17.1\Drivers\CMSIS\Device\ST\STM32F4xx\Include

<h2>Collection of Component Files used:</h2>

   * Component: ARM::CMSIS:CORE:6.1.0
      Include file:  CMSIS\Core\Include\tz_context.h
Build Time Elapsed:  00:00:01
</pre>
</body>
</html>
