Component: ARM Compiler 6.16 Tool: armlink [5dfeaa00]

==============================================================================

Section Cross References

    startup_stm32f446xx.o(RESET) refers to startup_stm32f446xx.o(STACK) for __initial_sp
    startup_stm32f446xx.o(RESET) refers to startup_stm32f446xx.o(.text) for Reset_Handler
    startup_stm32f446xx.o(RESET) refers to stm32f4xx_it.o(.text.NMI_Handler) for NMI_Handler
    startup_stm32f446xx.o(RESET) refers to stm32f4xx_it.o(.text.HardFault_Handler) for HardFault_Handler
    startup_stm32f446xx.o(RESET) refers to stm32f4xx_it.o(.text.MemManage_Handler) for MemManage_Handler
    startup_stm32f446xx.o(RESET) refers to stm32f4xx_it.o(.text.BusFault_Handler) for BusFault_Handler
    startup_stm32f446xx.o(RESET) refers to stm32f4xx_it.o(.text.UsageFault_Handler) for UsageFault_Handler
    startup_stm32f446xx.o(RESET) refers to stm32f4xx_it.o(.text.SVC_Handler) for SVC_Handler
    startup_stm32f446xx.o(RESET) refers to stm32f4xx_it.o(.text.DebugMon_Handler) for DebugMon_Handler
    startup_stm32f446xx.o(RESET) refers to stm32f4xx_it.o(.text.PendSV_Handler) for PendSV_Handler
    startup_stm32f446xx.o(RESET) refers to stm32f4xx_it.o(.text.SysTick_Handler) for SysTick_Handler
    startup_stm32f446xx.o(RESET) refers to stm32f4xx_it.o(.text.DMA1_Stream3_IRQHandler) for DMA1_Stream3_IRQHandler
    startup_stm32f446xx.o(RESET) refers to stm32f4xx_it.o(.text.TIM2_IRQHandler) for TIM2_IRQHandler
    startup_stm32f446xx.o(RESET) refers to stm32f4xx_it.o(.text.USART3_IRQHandler) for USART3_IRQHandler
    startup_stm32f446xx.o(.text) refers to system_stm32f4xx.o(.text.SystemInit) for SystemInit
    startup_stm32f446xx.o(.text) refers to entry.o(.ARM.Collect$$$$00000000) for __main
    main.o(.text.main) refers to stm32f4xx_hal.o(.text.HAL_Init) for HAL_Init
    main.o(.text.main) refers to main.o(.text.SystemClock_Config) for SystemClock_Config
    main.o(.text.main) refers to gpio.o(.text.MX_GPIO_Init) for MX_GPIO_Init
    main.o(.text.main) refers to dma.o(.text.MX_DMA_Init) for MX_DMA_Init
    main.o(.text.main) refers to usart.o(.text.MX_USART3_UART_Init) for MX_USART3_UART_Init
    main.o(.text.main) refers to tim.o(.text.MX_TIM2_Init) for MX_TIM2_Init
    main.o(.text.main) refers to ui.o(.text.UI_Init) for UI_Init
    main.o(.text.main) refers to ui.o(.text.UI_Task) for UI_Task
    main.o(.ARM.exidx.text.main) refers to main.o(.text.main) for [Anonymous Symbol]
    main.o(.text.SystemClock_Config) refers to memseta.o(.text) for __aeabi_memclr4
    main.o(.text.SystemClock_Config) refers to stm32f4xx_hal_rcc_ex.o(.text.HAL_RCC_OscConfig) for HAL_RCC_OscConfig
    main.o(.text.SystemClock_Config) refers to stm32f4xx_hal_pwr_ex.o(.text.HAL_PWREx_EnableOverDrive) for HAL_PWREx_EnableOverDrive
    main.o(.text.SystemClock_Config) refers to stm32f4xx_hal_rcc.o(.text.HAL_RCC_ClockConfig) for HAL_RCC_ClockConfig
    main.o(.text.SystemClock_Config) refers to main.o(.text.Error_Handler) for Error_Handler
    main.o(.ARM.exidx.text.SystemClock_Config) refers to main.o(.text.SystemClock_Config) for [Anonymous Symbol]
    main.o(.ARM.exidx.text.Error_Handler) refers to main.o(.text.Error_Handler) for [Anonymous Symbol]
    gpio.o(.text.MX_GPIO_Init) refers to stm32f4xx_hal_gpio.o(.text.HAL_GPIO_Init) for HAL_GPIO_Init
    gpio.o(.ARM.exidx.text.MX_GPIO_Init) refers to gpio.o(.text.MX_GPIO_Init) for [Anonymous Symbol]
    dma.o(.text.MX_DMA_Init) refers to stm32f4xx_hal_cortex.o(.text.HAL_NVIC_SetPriority) for HAL_NVIC_SetPriority
    dma.o(.text.MX_DMA_Init) refers to stm32f4xx_hal_cortex.o(.text.HAL_NVIC_EnableIRQ) for HAL_NVIC_EnableIRQ
    dma.o(.ARM.exidx.text.MX_DMA_Init) refers to dma.o(.text.MX_DMA_Init) for [Anonymous Symbol]
    tim.o(.text.MX_TIM2_Init) refers to tim.o(.bss.htim2) for htim2
    tim.o(.text.MX_TIM2_Init) refers to stm32f4xx_hal_tim.o(.text.HAL_TIM_Base_Init) for HAL_TIM_Base_Init
    tim.o(.text.MX_TIM2_Init) refers to main.o(.text.Error_Handler) for Error_Handler
    tim.o(.text.MX_TIM2_Init) refers to stm32f4xx_hal_tim.o(.text.HAL_TIM_ConfigClockSource) for HAL_TIM_ConfigClockSource
    tim.o(.text.MX_TIM2_Init) refers to stm32f4xx_hal_tim_ex.o(.text.HAL_TIMEx_MasterConfigSynchronization) for HAL_TIMEx_MasterConfigSynchronization
    tim.o(.ARM.exidx.text.MX_TIM2_Init) refers to tim.o(.text.MX_TIM2_Init) for [Anonymous Symbol]
    tim.o(.text.HAL_TIM_Base_MspInit) refers to stm32f4xx_hal_cortex.o(.text.HAL_NVIC_SetPriority) for HAL_NVIC_SetPriority
    tim.o(.text.HAL_TIM_Base_MspInit) refers to stm32f4xx_hal_cortex.o(.text.HAL_NVIC_EnableIRQ) for HAL_NVIC_EnableIRQ
    tim.o(.ARM.exidx.text.HAL_TIM_Base_MspInit) refers to tim.o(.text.HAL_TIM_Base_MspInit) for [Anonymous Symbol]
    tim.o(.text.HAL_TIM_Base_MspDeInit) refers to stm32f4xx_hal_cortex.o(.text.HAL_NVIC_DisableIRQ) for HAL_NVIC_DisableIRQ
    tim.o(.ARM.exidx.text.HAL_TIM_Base_MspDeInit) refers to tim.o(.text.HAL_TIM_Base_MspDeInit) for [Anonymous Symbol]
[...]
    Removing stm32f4xx_hal_uart.o(.ARM.exidx.text.HAL_UART_Transmit_DMA), (8 bytes).
    Removing stm32f4xx_hal_uart.o(.ARM.exidx.text.UART_DMATransmitCplt), (8 bytes).
    Removing stm32f4xx_hal_uart.o(.ARM.exidx.text.UART_DMATxHalfCplt), (8 bytes).
    Removing stm32f4xx_hal_uart.o(.ARM.exidx.text.UART_DMAError), (8 bytes).
    Removing stm32f4xx_hal_uart.o(.text.HAL_UART_Receive_DMA), (42 bytes).
    Removing stm32f4xx_hal_uart.o(.ARM.exidx.text.HAL_UART_Receive_DMA), (8 bytes).
    Removing stm32f4xx_hal_uart.o(.text.UART_Start_Receive_DMA), (150 bytes).
    Removing stm32f4xx_hal_uart.o(.ARM.exidx.text.UART_Start_Receive_DMA), (8 bytes).
    Removing stm32f4xx_hal_uart.o(.text.HAL_UART_DMAPause), (124 bytes).
    Removing stm32f4xx_hal_uart.o(.ARM.exidx.text.HAL_UART_DMAPause), (8 bytes).
    Removing stm32f4xx_hal_uart.o(.text.HAL_UART_DMAResume), (126 bytes).
    Removing stm32f4xx_hal_uart.o(.ARM.exidx.text.HAL_UART_DMAResume), (8 bytes).
    Removing stm32f4xx_hal_uart.o(.text.HAL_UART_DMAStop), (120 bytes).
    Removing stm32f4xx_hal_uart.o(.ARM.exidx.text.HAL_UART_DMAStop), (8 bytes).
    Removing stm32f4xx_hal_uart.o(.ARM.exidx.text.UART_EndTxTransfer), (8 bytes).
    Removing stm32f4xx_hal_uart.o(.ARM.exidx.text.UART_EndRxTransfer), (8 bytes).
    Removing stm32f4xx_hal_uart.o(.text.HAL_UARTEx_ReceiveToIdle), (296 bytes).
    Removing stm32f4xx_hal_uart.o(.ARM.exidx.text.HAL_UARTEx_ReceiveToIdle), (8 bytes).
    Removing stm32f4xx_hal_uart.o(.text.HAL_UARTEx_ReceiveToIdle_IT), (92 bytes).
    Removing stm32f4xx_hal_uart.o(.ARM.exidx.text.HAL_UARTEx_ReceiveToIdle_IT), (8 bytes).
    Removing stm32f4xx_hal_uart.o(.text.HAL_UARTEx_ReceiveToIdle_DMA), (92 bytes).
    Removing stm32f4xx_hal_uart.o(.ARM.exidx.text.HAL_UARTEx_ReceiveToIdle_DMA), (8 bytes).
    Removing stm32f4xx_hal_uart.o(.text.HAL_UARTEx_GetRxEventType), (4 bytes).
    Removing stm32f4xx_hal_uart.o(.ARM.exidx.text.HAL_UARTEx_GetRxEventType), (8 bytes).
    Removing stm32f4xx_hal_uart.o(.text.HAL_UART_Abort), (206 bytes).
    Removing stm32f4xx_hal_uart.o(.ARM.exidx.text.HAL_UART_Abort), (8 bytes).
    Removing stm32f4xx_hal_uart.o(.text.HAL_UART_AbortTransmit), (96 bytes).
    Removing stm32f4xx_hal_uart.o(.ARM.exidx.text.HAL_UART_AbortTransmit), (8 bytes).
    Removing stm32f4xx_hal_uart.o(.text.HAL_UART_AbortReceive), (146 bytes).
    Removing stm32f4xx_hal_uart.o(.ARM.exidx.text.HAL_UART_AbortReceive), (8 bytes).
    Removing stm32f4xx_hal_uart.o(.text.HAL_UART_Abort_IT), (248 bytes).
    Removing stm32f4xx_hal_uart.o(.ARM.exidx.text.HAL_UART_Abort_IT), (8 bytes).
    Removing stm32f4xx_hal_uart.o(.text.UART_DMATxAbortCallback), (46 bytes).
    Removing stm32f4xx_hal_uart.o(.ARM.exidx.text.UART_DMATxAbortCallback), (8 bytes).
    Removing stm32f4xx_hal_uart.o(.text.UART_DMARxAbortCallback), (46 bytes).
    Removing stm32f4xx_hal_uart.o(.ARM.exidx.text.UART_DMARxAbortCallback), (8 bytes).
    Removing stm32f4xx_hal_uart.o(.text.HAL_UART_AbortCpltCallback), (2 bytes).
    Removing stm32f4xx_hal_uart.o(.ARM.exidx.text.HAL_UART_AbortCpltCallback), (8 bytes).
    Removing stm32f4xx_hal_uart.o(.text.HAL_UART_AbortTransmit_IT), (124 bytes).
    Removing stm32f4xx_hal_uart.o(.ARM.exidx.text.HAL_UART_AbortTransmit_IT), (8 bytes).
    Removing stm32f4xx_hal_uart.o(.text.UART_DMATxOnlyAbortCallback), (20 bytes).
    Removing stm32f4xx_hal_uart.o(.ARM.exidx.text.UART_DMATxOnlyAbortCallback), (8 bytes).
    Removing stm32f4xx_hal_uart.o(.text.HAL_UART_AbortTransmitCpltCallback), (2 bytes).
    Removing stm32f4xx_hal_uart.o(.ARM.exidx.text.HAL_UART_AbortTransmitCpltCallback), (8 bytes).
    Removing stm32f4xx_hal_uart.o(.text.HAL_UART_AbortReceive_IT), (178 bytes).
    Removing stm32f4xx_hal_uart.o(.ARM.exidx.text.HAL_UART_AbortReceive_IT), (8 bytes).
    Removing stm32f4xx_hal_uart.o(.text.UART_DMARxOnlyAbortCallback), (22 bytes).
    Removing stm32f4xx_hal_uart.o(.ARM.exidx.text.UART_DMARxOnlyAbortCallback), (8 bytes).
    Removing stm32f4xx_hal_uart.o(.text.HAL_UART_AbortReceiveCpltCallback), (2 bytes).
    Removing stm32f4xx_hal_uart.o(.ARM.exidx.text.HAL_UART_AbortReceiveCpltCallback), (8 bytes).
    Removing stm32f4xx_hal_uart.o(.ARM.exidx.text.HAL_UART_IRQHandler), (8 bytes).
    Removing stm32f4xx_hal_uart.o(.ARM.exidx.text.UART_Receive_IT), (8 bytes).
    Removing stm32f4xx_hal_uart.o(.ARM.exidx.text.UART_DMAAbortOnError), (8 bytes).
    Removing stm32f4xx_hal_uart.o(.ARM.exidx.text.HAL_UART_ErrorCallback), (8 bytes).
    Removing stm32f4xx_hal_uart.o(.ARM.exidx.text.HAL_UARTEx_RxEventCallback), (8 bytes).
    Removing stm32f4xx_hal_uart.o(.ARM.exidx.text.UART_Transmit_IT), (8 bytes).
    Removing stm32f4xx_hal_uart.o(.ARM.exidx.text.UART_EndTransmit_IT), (8 bytes).
    Removing stm32f4xx_hal_uart.o(.ARM.exidx.text.HAL_UART_TxCpltCallback), (8 bytes).
    Removing stm32f4xx_hal_uart.o(.ARM.exidx.text.HAL_UART_TxHalfCpltCallback), (8 bytes).
    Removing stm32f4xx_hal_uart.o(.ARM.exidx.text.HAL_UART_RxCpltCallback), (8 bytes).
    Removing stm32f4xx_hal_uart.o(.text.HAL_UART_RxHalfCpltCallback), (2 bytes).
    Removing stm32f4xx_hal_uart.o(.ARM.exidx.text.HAL_UART_RxHalfCpltCallback), (8 bytes).
    Removing stm32f4xx_hal_uart.o(.text.HAL_LIN_SendBreak), (60 bytes).
    Removing stm32f4xx_hal_uart.o(.ARM.exidx.text.HAL_LIN_SendBreak), (8 bytes).
    Removing stm32f4xx_hal_uart.o(.text.HAL_MultiProcessor_EnterMuteMode), (62 bytes).
    Removing stm32f4xx_hal_uart.o(.ARM.exidx.text.HAL_MultiProcessor_EnterMuteMode), (8 bytes).
    Removing stm32f4xx_hal_uart.o(.text.HAL_MultiProcessor_ExitMuteMode), (62 bytes).
    Removing stm32f4xx_hal_uart.o(.ARM.exidx.text.HAL_MultiProcessor_ExitMuteMode), (8 bytes).
    Removing stm32f4xx_hal_uart.o(.text.HAL_HalfDuplex_EnableTransmitter), (44 bytes).
    Removing stm32f4xx_hal_uart.o(.ARM.exidx.text.HAL_HalfDuplex_EnableTransmitter), (8 bytes).
    Removing stm32f4xx_hal_uart.o(.text.HAL_HalfDuplex_EnableReceiver), (46 bytes).
    Removing stm32f4xx_hal_uart.o(.ARM.exidx.text.HAL_HalfDuplex_EnableReceiver), (8 bytes).
    Removing stm32f4xx_hal_uart.o(.text.HAL_UART_GetState), (14 bytes).
    Removing stm32f4xx_hal_uart.o(.ARM.exidx.text.HAL_UART_GetState), (8 bytes).
    Removing stm32f4xx_hal_uart.o(.text.HAL_UART_GetError), (4 bytes).
    Removing stm32f4xx_hal_uart.o(.ARM.exidx.text.HAL_UART_GetError), (8 bytes).
    Removing stm32f4xx_hal_uart.o(.text.UART_DMAReceiveCplt), (132 bytes).
    Removing stm32f4xx_hal_uart.o(.ARM.exidx.text.UART_DMAReceiveCplt), (8 bytes).
    Removing stm32f4xx_hal_uart.o(.text.UART_DMARxHalfCplt), (30 bytes).
    Removing stm32f4xx_hal_uart.o(.ARM.exidx.text.UART_DMARxHalfCplt), (8 bytes).
    Removing system_stm32f4xx.o(.text), (0 bytes).
    Removing system_stm32f4xx.o(.ARM.exidx.text.SystemInit), (8 bytes).
    Removing system_stm32f4xx.o(.text.SystemCoreClockUpdate), (126 bytes).
    Removing system_stm32f4xx.o(.ARM.exidx.text.SystemCoreClockUpdate), (8 bytes).
    Removing key.o(.text), (0 bytes).
    Removing key.o(.ARM.exidx.text.Key_Init), (8 bytes).
    Removing key.o(.ARM.exidx.text.Key_Scan), (8 bytes).
    Removing ui.o(.text), (0 bytes).
    Removing ui.o(.ARM.exidx.text.Draw_Menu), (8 bytes).
    Removing ui.o(.ARM.exidx.text.Draw_Title), (8 bytes).
    Removing ui.o(.ARM.exidx.text.Draw_Work_Mode_Menu), (8 bytes).
    Removing ui.o(.ARM.exidx.text.Draw_Submenu), (8 bytes).
    Removing ui.o(.ARM.exidx.text.Draw_Work_Params_Menu), (8 bytes).
    Removing ui.o(.ARM.exidx.text.Draw_Controller_Menu), (8 bytes).
    Removing ui.o(.ARM.exidx.text.UI_Init), (8 bytes).
    Removing ui.o(.ARM.exidx.text.UI_Task), (8 bytes).
    Removing ui.o(.ARM.exidx.text.Draw_Menu_Item), (8 bytes).
    Removing state.o(.text), (0 bytes).
    Removing state.o(.ARM.exidx.text.Menu_State_Init), (8 bytes).
    Removing state.o(.ARM.exidx.text.Handle_Menu_Key), (8 bytes).
    Removing state.o(.ARM.exidx.text.Handle_Main_Keys), (8 bytes).
    Removing state.o(.ARM.exidx.text.Handle_Work_Mode_Keys), (8 bytes).
    Removing state.o(.ARM.exidx.text.Handle_Work_Params_Keys), (8 bytes).
    Removing state.o(.ARM.exidx.text.Handle_Ctrl_Params_Keys), (8 bytes).
    Removing state.o(.ARM.exidx.text.Get_Menu_Context), (8 bytes).
    Removing data.o(.text), (0 bytes).
    Removing tjc4832k035_011n.o(.text), (0 bytes).
    Removing tjc4832k035_011n.o(.ARM.exidx.text.Screen_Clear), (8 bytes).
    Removing tjc4832k035_011n.o(.text.Set_Screen_Sleep), (100 bytes).
    Removing tjc4832k035_011n.o(.ARM.exidx.text.Set_Screen_Sleep), (8 bytes).
    Removing tjc4832k035_011n.o(.ARM.exidx.text.Send_Xstr), (8 bytes).
    Removing tjc4832k035_011n.o(.bss.Set_Screen_Sleep.dma_buffer), (16 bytes).
    Removing dadd.o(.text), (334 bytes).
    Removing ddiv.o(.text), (222 bytes).
    Removing dfixul.o(.text), (48 bytes).
    Removing cdrcmple.o(.text), (48 bytes).

856 unused section(s) (total 39112 bytes) removed from the image.

==============================================================================

Image Symbol Table

    Local Symbols

    Symbol Name                              Value     Ov Type        Size  Object(Section)

    ../clib/division.s                       0x00000000   Number         0  aeabi_sdiv.o ABSOLUTE
    ../clib/microlib/division.c              0x00000000   Number         0  uldiv.o ABSOLUTE
    ../clib/microlib/division.c              0x00000000   Number         0  uidiv.o ABSOLUTE
    ../clib/microlib/init/entry.s            0x00000000   Number         0  entry.o ABSOLUTE
    ../clib/microlib/init/entry.s            0x00000000   Number         0  entry2.o ABSOLUTE
    ../clib/microlib/init/entry.s            0x00000000   Number         0  entry5.o ABSOLUTE
    ../clib/microlib/init/entry.s            0x00000000   Number         0  entry7a.o ABSOLUTE
    ../clib/microlib/init/entry.s            0x00000000   Number         0  entry7b.o ABSOLUTE
    ../clib/microlib/init/entry.s            0x00000000   Number         0  entry8a.o ABSOLUTE
    ../clib/microlib/init/entry.s            0x00000000   Number         0  entry8b.o ABSOLUTE
    ../clib/microlib/init/entry.s            0x00000000   Number         0  entry9a.o ABSOLUTE
    ../clib/microlib/init/entry.s            0x00000000   Number         0  entry9b.o ABSOLUTE
    ../clib/microlib/init/entry.s            0x00000000   Number         0  entry10a.o ABSOLUTE
    ../clib/microlib/init/entry.s            0x00000000   Number         0  entry10b.o ABSOLUTE
    ../clib/microlib/init/entry.s            0x00000000   Number         0  entry11a.o ABSOLUTE
    ../clib/microlib/init/entry.s            0x00000000   Number         0  entry11b.o ABSOLUTE
    ../clib/microlib/longlong.c              0x00000000   Number         0  llshl.o ABSOLUTE
    ../clib/microlib/longlong.c              0x00000000   Number         0  llushr.o ABSOLUTE
    ../clib/microlib/longlong.c              0x00000000   Number         0  llsshr.o ABSOLUTE
    ../clib/microlib/printf/printf.c         0x00000000   Number         0  printfb.o ABSOLUTE
    ../clib/microlib/printf/printf.c         0x00000000   Number         0  printf0.o ABSOLUTE
    ../clib/microlib/printf/printf.c         0x00000000   Number         0  printf1.o ABSOLUTE
    ../clib/microlib/printf/printf.c         0x00000000   Number         0  printf2.o ABSOLUTE
    ../clib/microlib/printf/printf.c         0x00000000   Number         0  printf3.o ABSOLUTE
    ../clib/microlib/printf/printf.c         0x00000000   Number         0  printf4.o ABSOLUTE
    ../clib/microlib/printf/printf.c         0x00000000   Number         0  printf5.o ABSOLUTE
    ../clib/microlib/printf/printf.c         0x00000000   Number         0  printf6.o ABSOLUTE
    ../clib/microlib/printf/printf.c         0x00000000   Number         0  printf7.o ABSOLUTE
    ../clib/microlib/printf/printf.c         0x00000000   Number         0  printf8.o ABSOLUTE
    ../clib/microlib/printf/printf.c         0x00000000   Number         0  printfa.o ABSOLUTE
    ../clib/microlib/printf/stubs.s          0x00000000   Number         0  printfstubs.o ABSOLUTE
    ../clib/microlib/stdio/fputc.c           0x00000000   Number         0  fputc.o ABSOLUTE
    ../clib/microlib/stdio/fputc.c           0x00000000   Number         0  fputc_h.o ABSOLUTE
    ../clib/microlib/stdio/semi.s            0x00000000   Number         0  semi.o ABSOLUTE
    ../clib/microlib/stdio/streams.c         0x00000000   Number         0  stdout.o ABSOLUTE
    ../clib/microlib/string/memset.c         0x00000000   Number         0  memseta.o ABSOLUTE
    ../clib/microlib/string/strlen.c         0x00000000   Number         0  strlen.o ABSOLUTE
    ../clib/microlib/stubs.s                 0x00000000   Number         0  iusefp.o ABSOLUTE
    ../clib/microlib/stubs.s                 0x00000000   Number         0  iusesemip.o ABSOLUTE
    ../fplib/microlib/fpadd.c                0x00000000   Number         0  dadd.o ABSOLUTE
    ../fplib/microlib/fpdiv.c                0x00000000   Number         0  ddiv.o ABSOLUTE
    ../fplib/microlib/fpepilogue.c           0x00000000   Number         0  depilogue.o ABSOLUTE
    ../fplib/microlib/fpfix.c                0x00000000   Number         0  dfixi.o ABSOLUTE
    ../fplib/microlib/fpfix.c                0x00000000   Number         0  dfixul.o ABSOLUTE
    ../fplib/microlib/fpflt.c                0x00000000   Number         0  dfltui.o ABSOLUTE
    ../fplib/microlib/fpmul.c                0x00000000   Number         0  dmul.o ABSOLUTE
    TJC4832K035_011N.c                       0x00000000   Number         0  tjc4832k035_011n.o ABSOLUTE
    cdrcmple.s                               0x00000000   Number         0  cdrcmple.o ABSOLUTE
    data.c                                   0x00000000   Number         0  data.o ABSOLUTE
    dc.s                                     0x00000000   Number         0  dc.o ABSOLUTE
    dma.c                                    0x00000000   Number         0  dma.o ABSOLUTE
    gpio.c                                   0x00000000   Number         0  gpio.o ABSOLUTE
    handlers.s                               0x00000000   Number         0  handlers.o ABSOLUTE
    init.s                                   0x00000000   Number         0  init.o ABSOLUTE
    key.c                                    0x00000000   Number         0  key.o ABSOLUTE
    main.c                                   0x00000000   Number         0  main.o ABSOLUTE
    startup_stm32f446xx.s                    0x00000000   Number         0  startup_stm32f446xx.o ABSOLUTE
    state.c                                  0x00000000   Number         0  state.o ABSOLUTE
    stm32f4xx_hal.c                          0x00000000   Number         0  stm32f4xx_hal.o ABSOLUTE
    stm32f4xx_hal_cortex.c                   0x00000000   Number         0  stm32f4xx_hal_cortex.o ABSOLUTE
    stm32f4xx_hal_dma.c                      0x00000000   Number         0  stm32f4xx_hal_dma.o ABSOLUTE
    stm32f4xx_hal_dma_ex.c                   0x00000000   Number         0  stm32f4xx_hal_dma_ex.o ABSOLUTE
    stm32f4xx_hal_exti.c                     0x00000000   Number         0  stm32f4xx_hal_exti.o ABSOLUTE
    stm32f4xx_hal_flash.c                    0x00000000   Number         0  stm32f4xx_hal_flash.o ABSOLUTE
    stm32f4xx_hal_flash_ex.c                 0x00000000   Number         0  stm32f4xx_hal_flash_ex.o ABSOLUTE
    stm32f4xx_hal_flash_ramfunc.c            0x00000000   Number         0  stm32f4xx_hal_flash_ramfunc.o ABSOLUTE
    stm32f4xx_hal_gpio.c                     0x00000000   Number         0  stm32f4xx_hal_gpio.o ABSOLUTE
    stm32f4xx_hal_msp.c                      0x00000000   Number         0  stm32f4xx_hal_msp.o ABSOLUTE
    stm32f4xx_hal_pwr.c                      0x00000000   Number         0  stm32f4xx_hal_pwr.o ABSOLUTE
    stm32f4xx_hal_pwr_ex.c                   0x00000000   Number         0  stm32f4xx_hal_pwr_ex.o ABSOLUTE
    stm32f4xx_hal_rcc.c                      0x00000000   Number         0  stm32f4xx_hal_rcc.o ABSOLUTE
    stm32f4xx_hal_rcc_ex.c                   0x00000000   Number         0  stm32f4xx_hal_rcc_ex.o ABSOLUTE
    stm32f4xx_hal_tim.c                      0x00000000   Number         0  stm32f4xx_hal_tim.o ABSOLUTE
    stm32f4xx_hal_tim_ex.c                   0x00000000   Number         0  stm32f4xx_hal_tim_ex.o ABSOLUTE
    stm32f4xx_hal_uart.c                     0x00000000   Number         0  stm32f4xx_hal_uart.o ABSOLUTE
    stm32f4xx_it.c                           0x00000000   Number         0  stm32f4xx_it.o ABSOLUTE
    system_stm32f4xx.c                       0x00000000   Number         0  system_stm32f4xx.o ABSOLUTE
    tim.c                                    0x00000000   Number         0  tim.o ABSOLUTE
    ui.c                                     0x00000000   Number         0  ui.o ABSOLUTE
    usart.c                                  0x00000000   Number         0  usart.o ABSOLUTE
    RESET                                    0x08000000   Section      452  startup_stm32f446xx.o(RESET)
    .ARM.Collect$$$$00000000                 0x080001c4   Section        0  entry.o(.ARM.Collect$$$$00000000)
    .ARM.Collect$$$$00000001                 0x080001c4   Section        4  entry2.o(.ARM.Collect$$$$00000001)
    .ARM.Collect$$$$00000004                 0x080001c8   Section        4  entry5.o(.ARM.Collect$$$$00000004)
    .ARM.Collect$$$$00000008                 0x080001cc   Section        0  entry7b.o(.ARM.Collect$$$$00000008)
    .ARM.Collect$$$$0000000A                 0x080001cc   Section        0  entry8b.o(.ARM.Collect$$$$0000000A)
    .ARM.Collect$$$$0000000B                 0x080001cc   Section        8  entry9a.o(.ARM.Collect$$$$0000000B)
    __lit__00000000                          0x080001d4   Data           4  entry2.o(.ARM.Collect$$$$00002712)
    .ARM.Collect$$$$0000000D                 0x080001d4   Section        0  entry10a.o(.ARM.Collect$$$$0000000D)
    .ARM.Collect$$$$0000000F                 0x080001d4   Section        0  entry11a.o(.ARM.Collect$$$$0000000F)
    .ARM.Collect$$$$00002712                 0x080001d4   Section        4  entry2.o(.ARM.Collect$$$$00002712)
    $v0                                      0x080001d8   Number         0  startup_stm32f446xx.o(.text)
    .text                                    0x080001d8   Section       36  startup_stm32f446xx.o(.text)
    .text                                    0x080001fc   Section        0  uldiv.o(.text)
    .text                                    0x0800025e   Section        0  memseta.o(.text)
    .text                                    0x08000282   Section        0  strlen.o(.text)
    .text                                    0x08000290   Section        0  dmul.o(.text)
    .text                                    0x08000374   Section        0  dfltui.o(.text)
    .text                                    0x0800038e   Section        0  dfixi.o(.text)
    .text                                    0x080003cc   Section        0  uidiv.o(.text)
    .text                                    0x080003f8   Section        0  llshl.o(.text)
    .text                                    0x08000416   Section        0  llushr.o(.text)
    .text                                    0x08000436   Section        0  iusefp.o(.text)
    .text                                    0x08000436   Section        0  depilogue.o(.text)
    .text                                    0x080004f0   Section       36  init.o(.text)
    [Anonymous Symbol]                       0x08000514   Section        0  stm32f4xx_it.o(.text.BusFault_Handler)
    [Anonymous Symbol]                       0x08000518   Section        0  stm32f4xx_it.o(.text.DMA1_Stream3_IRQHandler)
    DMA_CalcBaseAndBitshift                  0x08000529   Thumb Code    52  stm32f4xx_hal_dma.o(.text.DMA_CalcBaseAndBitshift)
    [Anonymous Symbol]                       0x08000528   Section        0  stm32f4xx_hal_dma.o(.text.DMA_CalcBaseAndBitshift)
    DMA_CalcBaseAndBitshift.flagBitshiftOffset 0x0800055c   Number         0  stm32f4xx_hal_dma.o(.text.DMA_CalcBaseAndBitshift)
    DMA_CheckFifoParam                       0x08000565   Thumb Code    80  stm32f4xx_hal_dma.o(.text.DMA_CheckFifoParam)
    [Anonymous Symbol]                       0x08000564   Section        0  stm32f4xx_hal_dma.o(.text.DMA_CheckFifoParam)
    DMA_SetConfig                            0x080005b5   Thumb Code    48  stm32f4xx_hal_dma.o(.text.DMA_SetConfig)
    [Anonymous Symbol]                       0x080005b4   Section        0  stm32f4xx_hal_dma.o(.text.DMA_SetConfig)
    [Anonymous Symbol]                       0x080005e4   Section        0  stm32f4xx_it.o(.text.DebugMon_Handler)
    [Anonymous Symbol]                       0x080005e8   Section        0  ui.o(.text.Draw_Controller_Menu)
    [Anonymous Symbol]                       0x08000614   Section        0  ui.o(.text.Draw_Menu)
    main_menu_items                          0x080006d4   Number         0  ui.o(.text.Draw_Menu)
    Draw_Menu_Item                           0x080006e1   Thumb Code   124  ui.o(.text.Draw_Menu_Item)
    [Anonymous Symbol]                       0x080006e0   Section        0  ui.o(.text.Draw_Menu_Item)
    Draw_Submenu                             0x0800075d   Thumb Code   168  ui.o(.text.Draw_Submenu)
    [Anonymous Symbol]                       0x0800075c   Section        0  ui.o(.text.Draw_Submenu)
    Draw_Title                               0x08000811   Thumb Code   112  ui.o(.text.Draw_Title)
    [Anonymous Symbol]                       0x08000810   Section        0  ui.o(.text.Draw_Title)
    [Anonymous Symbol]                       0x08000880   Section        0  ui.o(.text.Draw_Work_Mode_Menu)
    [Anonymous Symbol]                       0x080008ac   Section        0  ui.o(.text.Draw_Work_Params_Menu)
    [Anonymous Symbol]                       0x080008d8   Section        0  main.o(.text.Error_Handler)
    [Anonymous Symbol]                       0x080008e0   Section        0  state.o(.text.Get_Menu_Context)
    [Anonymous Symbol]                       0x080008ec   Section        0  stm32f4xx_hal_dma.o(.text.HAL_DMA_Abort)
    [Anonymous Symbol]                       0x0800096c   Section        0  stm32f4xx_hal_dma.o(.text.HAL_DMA_Abort_IT)
    [Anonymous Symbol]                       0x08000990   Section        0  stm32f4xx_hal_dma.o(.text.HAL_DMA_IRQHandler)
    [Anonymous Symbol]                       0x08000b1c   Section        0  stm32f4xx_hal_dma.o(.text.HAL_DMA_Init)
    [Anonymous Symbol]                       0x08000bec   Section        0  stm32f4xx_hal_dma.o(.text.HAL_DMA_Start_IT)
    [Anonymous Symbol]                       0x08000c50   Section        0  stm32f4xx_hal.o(.text.HAL_Delay)
    [Anonymous Symbol]                       0x08000c78   Section        0  stm32f4xx_hal_gpio.o(.text.HAL_GPIO_Init)
    [Anonymous Symbol]                       0x08000e14   Section        0  stm32f4xx_hal_gpio.o(.text.HAL_GPIO_ReadPin)
    [Anonymous Symbol]                       0x08000e20   Section        0  stm32f4xx_hal.o(.text.HAL_GetTick)
    [Anonymous Symbol]                       0x08000e2c   Section        0  stm32f4xx_hal.o(.text.HAL_IncTick)
    [Anonymous Symbol]                       0x08000e48   Section        0  stm32f4xx_hal.o(.text.HAL_Init)
    [Anonymous Symbol]                       0x08000e80   Section        0  stm32f4xx_hal.o(.text.HAL_InitTick)
    [Anonymous Symbol]                       0x08000ed0   Section        0  stm32f4xx_hal_msp.o(.text.HAL_MspInit)
    [Anonymous Symbol]                       0x08000f08   Section        0  stm32f4xx_hal_cortex.o(.text.HAL_NVIC_EnableIRQ)
    [Anonymous Symbol]                       0x08000f10   Section        0  stm32f4xx_hal_cortex.o(.text.HAL_NVIC_SetPriority)
    [Anonymous Symbol]                       0x08000f30   Section        0  stm32f4xx_hal_cortex.o(.text.HAL_NVIC_SetPriorityGrouping)
    [Anonymous Symbol]                       0x08000f38   Section        0  stm32f4xx_hal_pwr_ex.o(.text.HAL_PWREx_EnableOverDrive)
    [Anonymous Symbol]                       0x08000fb4   Section        0  stm32f4xx_hal_rcc.o(.text.HAL_RCC_ClockConfig)
    [Anonymous Symbol]                       0x08001114   Section        0  stm32f4xx_hal_rcc.o(.text.HAL_RCC_GetHCLKFreq)
    [Anonymous Symbol]                       0x08001120   Section        0  stm32f4xx_hal_rcc.o(.text.HAL_RCC_GetPCLK1Freq)
    [Anonymous Symbol]                       0x08001144   Section        0  stm32f4xx_hal_rcc.o(.text.HAL_RCC_GetPCLK2Freq)
    [Anonymous Symbol]                       0x08001168   Section        0  stm32f4xx_hal_rcc_ex.o(.text.HAL_RCC_GetSysClockFreq)
    [Anonymous Symbol]                       0x08001208   Section        0  stm32f4xx_hal_rcc_ex.o(.text.HAL_RCC_OscConfig)
    [Anonymous Symbol]                       0x08001590   Section        0  stm32f4xx_hal_cortex.o(.text.HAL_SYSTICK_Config)
    [Anonymous Symbol]                       0x08001598   Section        0  stm32f4xx_hal_tim_ex.o(.text.HAL_TIMEx_BreakCallback)
    [Anonymous Symbol]                       0x0800159c   Section        0  stm32f4xx_hal_tim_ex.o(.text.HAL_TIMEx_CommutCallback)
    [Anonymous Symbol]                       0x080015a0   Section        0  stm32f4xx_hal_tim_ex.o(.text.HAL_TIMEx_MasterConfigSynchronization)
    [Anonymous Symbol]                       0x08001658   Section        0  stm32f4xx_hal_tim.o(.text.HAL_TIM_Base_Init)
    [Anonymous Symbol]                       0x080016b4   Section        0  tim.o(.text.HAL_TIM_Base_MspInit)
    [Anonymous Symbol]                       0x080016f8   Section        0  stm32f4xx_hal_tim.o(.text.HAL_TIM_ConfigClockSource)
    [Anonymous Symbol]                       0x080017d8   Section        0  stm32f4xx_hal_tim.o(.text.HAL_TIM_IC_CaptureCallback)
    [Anonymous Symbol]                       0x080017dc   Section        0  stm32f4xx_hal_tim.o(.text.HAL_TIM_IRQHandler)
    [Anonymous Symbol]                       0x08001910   Section        0  stm32f4xx_hal_tim.o(.text.HAL_TIM_OC_DelayElapsedCallback)
    [Anonymous Symbol]                       0x08001914   Section        0  stm32f4xx_hal_tim.o(.text.HAL_TIM_PWM_PulseFinishedCallback)
    [Anonymous Symbol]                       0x08001918   Section        0  tim.o(.text.HAL_TIM_PeriodElapsedCallback)
    [Anonymous Symbol]                       0x0800191c   Section        0  stm32f4xx_hal_tim.o(.text.HAL_TIM_TriggerCallback)
    [Anonymous Symbol]                       0x08001920   Section        0  stm32f4xx_hal_uart.o(.text.HAL_UARTEx_RxEventCallback)
    [Anonymous Symbol]                       0x08001924   Section        0  stm32f4xx_hal_uart.o(.text.HAL_UART_ErrorCallback)
    [Anonymous Symbol]                       0x08001928   Section        0  stm32f4xx_hal_uart.o(.text.HAL_UART_IRQHandler)
    [Anonymous Symbol]                       0x08001b6c   Section        0  stm32f4xx_hal_uart.o(.text.HAL_UART_Init)
    [Anonymous Symbol]                       0x08001bcc   Section        0  usart.o(.text.HAL_UART_MspInit)
    [Anonymous Symbol]                       0x08001ccc   Section        0  stm32f4xx_hal_uart.o(.text.HAL_UART_RxCpltCallback)
    [Anonymous Symbol]                       0x08001cd0   Section        0  stm32f4xx_hal_uart.o(.text.HAL_UART_Transmit_DMA)
    [Anonymous Symbol]                       0x08001d4c   Section        0  stm32f4xx_hal_uart.o(.text.HAL_UART_TxCpltCallback)
    [Anonymous Symbol]                       0x08001d50   Section        0  stm32f4xx_hal_uart.o(.text.HAL_UART_TxHalfCpltCallback)
    [Anonymous Symbol]                       0x08001d54   Section        0  state.o(.text.Handle_Ctrl_Params_Keys)
    [Anonymous Symbol]                       0x08001d98   Section        0  state.o(.text.Handle_Main_Keys)
    [Anonymous Symbol]                       0x08001dec   Section        0  state.o(.text.Handle_Menu_Key)
    [Anonymous Symbol]                       0x08001e20   Section        0  state.o(.text.Handle_Work_Mode_Keys)
    [Anonymous Symbol]                       0x08001e64   Section        0  state.o(.text.Handle_Work_Params_Keys)
    [Anonymous Symbol]                       0x08001ea8   Section        0  stm32f4xx_it.o(.text.HardFault_Handler)
    [Anonymous Symbol]                       0x08001eac   Section        0  key.o(.text.Key_Init)
    [Anonymous Symbol]                       0x08001ec0   Section        0  key.o(.text.Key_Scan)
    [Anonymous Symbol]                       0x08001f94   Section        0  dma.o(.text.MX_DMA_Init)
    [Anonymous Symbol]                       0x08001fcc   Section        0  gpio.o(.text.MX_GPIO_Init)
    [Anonymous Symbol]                       0x0800207c   Section        0  tim.o(.text.MX_TIM2_Init)
    [Anonymous Symbol]                       0x080020f4   Section        0  usart.o(.text.MX_USART3_UART_Init)
    [Anonymous Symbol]                       0x0800212c   Section        0  stm32f4xx_it.o(.text.MemManage_Handler)
    [Anonymous Symbol]                       0x08002130   Section        0  state.o(.text.Menu_State_Init)
    [Anonymous Symbol]                       0x08002140   Section        0  stm32f4xx_it.o(.text.NMI_Handler)
    NVIC_EncodePriority                      0x08002145   Thumb Code    44  stm32f4xx_hal_cortex.o(.text.NVIC_EncodePriority)
    [Anonymous Symbol]                       0x08002144   Section        0  stm32f4xx_hal_cortex.o(.text.NVIC_EncodePriority)
    [Anonymous Symbol]                       0x08002170   Section        0  stm32f4xx_it.o(.text.PendSV_Handler)
    [Anonymous Symbol]                       0x08002174   Section        0  stm32f4xx_it.o(.text.SVC_Handler)
    [Anonymous Symbol]                       0x08002178   Section        0  tjc4832k035_011n.o(.text.Screen_Clear)
    [Anonymous Symbol]                       0x080021d8   Section        0  tjc4832k035_011n.o(.text.Send_Xstr)
    SysTick_Config                           0x08002275   Thumb Code    46  stm32f4xx_hal_cortex.o(.text.SysTick_Config)
    [Anonymous Symbol]                       0x08002274   Section        0  stm32f4xx_hal_cortex.o(.text.SysTick_Config)
    [Anonymous Symbol]                       0x080022a4   Section        0  stm32f4xx_it.o(.text.SysTick_Handler)
    [Anonymous Symbol]                       0x080022ac   Section        0  main.o(.text.SystemClock_Config)
    [Anonymous Symbol]                       0x0800235c   Section        0  system_stm32f4xx.o(.text.SystemInit)
    [Anonymous Symbol]                       0x08002370   Section        0  stm32f4xx_it.o(.text.TIM2_IRQHandler)
    [Anonymous Symbol]                       0x08002380   Section        0  stm32f4xx_hal_tim.o(.text.TIM_Base_SetConfig)
    [Anonymous Symbol]                       0x080024b4   Section        0  stm32f4xx_hal_tim.o(.text.TIM_ETR_SetConfig)
    TIM_ITRx_SetConfig                       0x080024cd   Thumb Code    16  stm32f4xx_hal_tim.o(.text.TIM_ITRx_SetConfig)
    [Anonymous Symbol]                       0x080024cc   Section        0  stm32f4xx_hal_tim.o(.text.TIM_ITRx_SetConfig)
    TIM_TI1_ConfigInputStage                 0x080024dd   Thumb Code    34  stm32f4xx_hal_tim.o(.text.TIM_TI1_ConfigInputStage)
    [Anonymous Symbol]                       0x080024dc   Section        0  stm32f4xx_hal_tim.o(.text.TIM_TI1_ConfigInputStage)
    TIM_TI2_ConfigInputStage                 0x08002501   Thumb Code    36  stm32f4xx_hal_tim.o(.text.TIM_TI2_ConfigInputStage)
    [Anonymous Symbol]                       0x08002500   Section        0  stm32f4xx_hal_tim.o(.text.TIM_TI2_ConfigInputStage)
    UART_DMAAbortOnError                     0x08002525   Thumb Code    16  stm32f4xx_hal_uart.o(.text.UART_DMAAbortOnError)
    [Anonymous Symbol]                       0x08002524   Section        0  stm32f4xx_hal_uart.o(.text.UART_DMAAbortOnError)
    UART_DMAError                            0x08002535   Thumb Code    76  stm32f4xx_hal_uart.o(.text.UART_DMAError)
    [Anonymous Symbol]                       0x08002534   Section        0  stm32f4xx_hal_uart.o(.text.UART_DMAError)
    UART_DMATransmitCplt                     0x08002581   Thumb Code    64  stm32f4xx_hal_uart.o(.text.UART_DMATransmitCplt)
    [Anonymous Symbol]                       0x08002580   Section        0  stm32f4xx_hal_uart.o(.text.UART_DMATransmitCplt)
    UART_DMATxHalfCplt                       0x080025c1   Thumb Code    10  stm32f4xx_hal_uart.o(.text.UART_DMATxHalfCplt)
    [Anonymous Symbol]                       0x080025c0   Section        0  stm32f4xx_hal_uart.o(.text.UART_DMATxHalfCplt)
    UART_EndRxTransfer                       0x080025cd   Thumb Code    80  stm32f4xx_hal_uart.o(.text.UART_EndRxTransfer)
    [Anonymous Symbol]                       0x080025cc   Section        0  stm32f4xx_hal_uart.o(.text.UART_EndRxTransfer)
    UART_EndTransmit_IT                      0x0800261d   Thumb Code    24  stm32f4xx_hal_uart.o(.text.UART_EndTransmit_IT)
    [Anonymous Symbol]                       0x0800261c   Section        0  stm32f4xx_hal_uart.o(.text.UART_EndTransmit_IT)
    UART_EndTxTransfer                       0x08002635   Thumb Code    28  stm32f4xx_hal_uart.o(.text.UART_EndTxTransfer)
    [Anonymous Symbol]                       0x08002634   Section        0  stm32f4xx_hal_uart.o(.text.UART_EndTxTransfer)
    UART_Receive_IT                          0x08002651   Thumb Code   200  stm32f4xx_hal_uart.o(.text.UART_Receive_IT)
    [Anonymous Symbol]                       0x08002650   Section        0  stm32f4xx_hal_uart.o(.text.UART_Receive_IT)
    UART_SetConfig                           0x08002719   Thumb Code   220  stm32f4xx_hal_uart.o(.text.UART_SetConfig)
    [Anonymous Symbol]                       0x08002718   Section        0  stm32f4xx_hal_uart.o(.text.UART_SetConfig)
    UART_Transmit_IT                         0x080027f5   Thumb Code    82  stm32f4xx_hal_uart.o(.text.UART_Transmit_IT)
    [Anonymous Symbol]                       0x080027f4   Section        0  stm32f4xx_hal_uart.o(.text.UART_Transmit_IT)
    [Anonymous Symbol]                       0x08002848   Section        0  ui.o(.text.UI_Init)
    [Anonymous Symbol]                       0x08002860   Section        0  ui.o(.text.UI_Task)
    [Anonymous Symbol]                       0x08002a3c   Section        0  stm32f4xx_it.o(.text.USART3_IRQHandler)
    [Anonymous Symbol]                       0x08002a4c   Section        0  stm32f4xx_it.o(.text.UsageFault_Handler)
    __NVIC_EnableIRQ                         0x08002a51   Thumb Code    32  stm32f4xx_hal_cortex.o(.text.__NVIC_EnableIRQ)
    [Anonymous Symbol]                       0x08002a50   Section        0  stm32f4xx_hal_cortex.o(.text.__NVIC_EnableIRQ)
    __NVIC_GetPriorityGrouping               0x08002a71   Thumb Code    16  stm32f4xx_hal_cortex.o(.text.__NVIC_GetPriorityGrouping)
    [Anonymous Symbol]                       0x08002a70   Section        0  stm32f4xx_hal_cortex.o(.text.__NVIC_GetPriorityGrouping)
    __NVIC_SetPriority                       0x08002a81   Thumb Code    34  stm32f4xx_hal_cortex.o(.text.__NVIC_SetPriority)
    [Anonymous Symbol]                       0x08002a80   Section        0  stm32f4xx_hal_cortex.o(.text.__NVIC_SetPriority)
    __NVIC_SetPriorityGrouping               0x08002aa5   Thumb Code    32  stm32f4xx_hal_cortex.o(.text.__NVIC_SetPriorityGrouping)
    [Anonymous Symbol]                       0x08002aa4   Section        0  stm32f4xx_hal_cortex.o(.text.__NVIC_SetPriorityGrouping)
    [Anonymous Symbol]                       0x08002ac4   Section        0  main.o(.text.main)
    i.__0snprintf$6                          0x08002ae8   Section        0  printf6.o(i.__0snprintf$6)
    i.__scatterload_copy                     0x08002b1c   Section       14  handlers.o(i.__scatterload_copy)
    i.__scatterload_null                     0x08002b2a   Section        2  handlers.o(i.__scatterload_null)
    i.__scatterload_zeroinit                 0x08002b2c   Section       14  handlers.o(i.__scatterload_zeroinit)
    _printf_core                             0x08002b3d   Thumb Code   748  printf6.o(i._printf_core)
    i._printf_core                           0x08002b3c   Section        0  printf6.o(i._printf_core)
    _printf_post_padding                     0x08002e2d   Thumb Code    36  printf6.o(i._printf_post_padding)
    i._printf_post_padding                   0x08002e2c   Section        0  printf6.o(i._printf_post_padding)
    _printf_pre_padding                      0x08002e51   Thumb Code    46  printf6.o(i._printf_pre_padding)
    i._printf_pre_padding                    0x08002e50   Section        0  printf6.o(i._printf_pre_padding)
    _snputc                                  0x08002e7f   Thumb Code    22  printf6.o(i._snputc)
    i._snputc                                0x08002e7e   Section        0  printf6.o(i._snputc)
    key_config                               0x08002eac   Data          72  key.o(.rodata.key_config)
    [Anonymous Symbol]                       0x08002eac   Section        0  key.o(.rodata.key_config)
    .L.str.2                                 0x08002ef4   Data           4  ui.o(.rodata.str1.1)
    [Anonymous Symbol]                       0x08002ef4   Section        0  ui.o(.rodata.str1.1)
    .L.str.3                                 0x08002ef8   Data           5  ui.o(.rodata.str1.1)
    .L.str.1                                 0x08002efd   Data           5  ui.o(.rodata.str1.1)
    UI_Task.last_cursor_pos                  0x20000004   Data           1  ui.o(.data.UI_Task.last_cursor_pos)
    [Anonymous Symbol]                       0x20000004   Section        0  ui.o(.data.UI_Task.last_cursor_pos)
    ctrl_params_menu_items                   0x20000008   Data          40  ui.o(.data.ctrl_params_menu_items)
    [Anonymous Symbol]                       0x20000008   Section        0  ui.o(.data.ctrl_params_menu_items)
    work_mode_menu_items                     0x20000038   Data          24  ui.o(.data.work_mode_menu_items)
    [Anonymous Symbol]                       0x20000038   Section        0  ui.o(.data.work_mode_menu_items)
    work_params_menu_items                   0x20000050   Data          28  ui.o(.data.work_params_menu_items)
    [Anonymous Symbol]                       0x20000050   Section        0  ui.o(.data.work_params_menu_items)
    Screen_Clear.dma_buffer                  0x20000070   Data          20  tjc4832k035_011n.o(.bss.Screen_Clear.dma_buffer)
    [Anonymous Symbol]                       0x20000070   Section        0  tjc4832k035_011n.o(.bss.Screen_Clear.dma_buffer)
    Send_Xstr.dma_buffer                     0x20000084   Data         128  tjc4832k035_011n.o(.bss.Send_Xstr.dma_buffer)
    [Anonymous Symbol]                       0x20000084   Section        0  tjc4832k035_011n.o(.bss.Send_Xstr.dma_buffer)
    key_states                               0x200001fc   Data         108  key.o(.bss.key_states)
    [Anonymous Symbol]                       0x200001fc   Section        0  key.o(.bss.key_states)
    STACK                                    0x20000270   Section     1024  startup_stm32f446xx.o(STACK)

    Global Symbols

    Symbol Name                              Value     Ov Type        Size  Object(Section)

    BuildAttributes$$THM_ISAv4$E$P$D$K$B$S$7EM$VFPi3$EXTD16$VFPS$VFMA$PE$A:L22UL41UL21$X:L11$S22US41US21$IEEE1$IW$~IW$USESV6$~STKCKD$USESV7$~SHL$OTIME$ROPI$EBA8$MICROLIB$REQ8$PRES8$EABIv2 0x00000000   Number         0  anon$$obj.o ABSOLUTE
    _printf_a                                0x00000000   Number         0  printfstubs.o ABSOLUTE
    _printf_c                                0x00000000   Number         0  printfstubs.o ABSOLUTE
    _printf_charcount                        0x00000000   Number         0  printfstubs.o ABSOLUTE
    _printf_d                                0x00000000   Number         0  printfstubs.o ABSOLUTE
    _printf_e                                0x00000000   Number         0  printfstubs.o ABSOLUTE
    _printf_f                                0x00000000   Number         0  printfstubs.o ABSOLUTE
    _printf_flags                            0x00000000   Number         0  printfstubs.o ABSOLUTE
    _printf_fp_dec                           0x00000000   Number         0  printfstubs.o ABSOLUTE
    _printf_fp_hex                           0x00000000   Number         0  printfstubs.o ABSOLUTE
    _printf_g                                0x00000000   Number         0  printfstubs.o ABSOLUTE
    _printf_i                                0x00000000   Number         0  printfstubs.o ABSOLUTE
    _printf_int_dec                          0x00000000   Number         0  printfstubs.o ABSOLUTE
    _printf_l                                0x00000000   Number         0  printfstubs.o ABSOLUTE
    _printf_lc                               0x00000000   Number         0  printfstubs.o ABSOLUTE
    _printf_ll                               0x00000000   Number         0  printfstubs.o ABSOLUTE
    _printf_lld                              0x00000000   Number         0  printfstubs.o ABSOLUTE
    _printf_lli                              0x00000000   Number         0  printfstubs.o ABSOLUTE
    _printf_llo                              0x00000000   Number         0  printfstubs.o ABSOLUTE
    _printf_llu                              0x00000000   Number         0  printfstubs.o ABSOLUTE
    _printf_llx                              0x00000000   Number         0  printfstubs.o ABSOLUTE
    _printf_longlong_dec                     0x00000000   Number         0  printfstubs.o ABSOLUTE
    _printf_longlong_hex                     0x00000000   Number         0  printfstubs.o ABSOLUTE
    _printf_longlong_oct                     0x00000000   Number         0  printfstubs.o ABSOLUTE
    _printf_ls                               0x00000000   Number         0  printfstubs.o ABSOLUTE
    _printf_mbtowc                           0x00000000   Number         0  printfstubs.o ABSOLUTE
    _printf_n                                0x00000000   Number         0  printfstubs.o ABSOLUTE
    _printf_o                                0x00000000   Number         0  printfstubs.o ABSOLUTE
    _printf_p                                0x00000000   Number         0  printfstubs.o ABSOLUTE
    _printf_percent                          0x00000000   Number         0  printfstubs.o ABSOLUTE
    _printf_pre_padding                      0x00000000   Number         0  printfstubs.o ABSOLUTE
    _printf_return_value                     0x00000000   Number         0  printfstubs.o ABSOLUTE
    _printf_s                                0x00000000   Number         0  printfstubs.o ABSOLUTE
    _printf_sizespec                         0x00000000   Number         0  printfstubs.o ABSOLUTE
    _printf_str                              0x00000000   Number         0  printfstubs.o ABSOLUTE
    _printf_truncate_signed                  0x00000000   Number         0  printfstubs.o ABSOLUTE
    _printf_truncate_unsigned                0x00000000   Number         0  printfstubs.o ABSOLUTE
    _printf_u                                0x00000000   Number         0  printfstubs.o ABSOLUTE
    _printf_wc                               0x00000000   Number         0  printfstubs.o ABSOLUTE
    _printf_wctomb                           0x00000000   Number         0  printfstubs.o ABSOLUTE
    _printf_widthprec                        0x00000000   Number         0  printfstubs.o ABSOLUTE
    _printf_x                                0x00000000   Number         0  printfstubs.o ABSOLUTE
    __cpp_initialize__aeabi_                  - Undefined Weak Reference
    __cxa_finalize                            - Undefined Weak Reference
    __decompress                              - Undefined Weak Reference
    _clock_init                               - Undefined Weak Reference
    _microlib_exit                            - Undefined Weak Reference
    __Vectors_Size                           0x000001c4   Number         0  startup_stm32f446xx.o ABSOLUTE
    __Vectors                                0x08000000   Data           4  startup_stm32f446xx.o(RESET)
    __Vectors_End                            0x080001c4   Data           0  startup_stm32f446xx.o(RESET)
    __main                                   0x080001c5   Thumb Code     0  entry.o(.ARM.Collect$$$$00000000)
    _main_stk                                0x080001c5   Thumb Code     0  entry2.o(.ARM.Collect$$$$00000001)
    _main_scatterload                        0x080001c9   Thumb Code     0  entry5.o(.ARM.Collect$$$$00000004)
    __main_after_scatterload                 0x080001cd   Thumb Code     0  entry5.o(.ARM.Collect$$$$00000004)
    _main_clock                              0x080001cd   Thumb Code     0  entry7b.o(.ARM.Collect$$$$00000008)
    _main_cpp_init                           0x080001cd   Thumb Code     0  entry8b.o(.ARM.Collect$$$$0000000A)
    _main_init                               0x080001cd   Thumb Code     0  entry9a.o(.ARM.Collect$$$$0000000B)
    __rt_final_cpp                           0x080001d5   Thumb Code     0  entry10a.o(.ARM.Collect$$$$0000000D)
    __rt_final_exit                          0x080001d5   Thumb Code     0  entry11a.o(.ARM.Collect$$$$0000000F)
    Reset_Handler                            0x080001d9   Thumb Code     8  startup_stm32f446xx.o(.text)
    ADC_IRQHandler                           0x080001f3   Thumb Code     0  startup_stm32f446xx.o(.text)
    CAN1_RX0_IRQHandler                      0x080001f3   Thumb Code     0  startup_stm32f446xx.o(.text)
    CAN1_RX1_IRQHandler                      0x080001f3   Thumb Code     0  startup_stm32f446xx.o(.text)
    CAN1_SCE_IRQHandler                      0x080001f3   Thumb Code     0  startup_stm32f446xx.o(.text)
    CAN1_TX_IRQHandler                       0x080001f3   Thumb Code     0  startup_stm32f446xx.o(.text)
    CAN2_RX0_IRQHandler                      0x080001f3   Thumb Code     0  startup_stm32f446xx.o(.text)
    CAN2_RX1_IRQHandler                      0x080001f3   Thumb Code     0  startup_stm32f446xx.o(.text)
    CAN2_SCE_IRQHandler                      0x080001f3   Thumb Code     0  startup_stm32f446xx.o(.text)
    CAN2_TX_IRQHandler                       0x080001f3   Thumb Code     0  startup_stm32f446xx.o(.text)
    CEC_IRQHandler                           0x080001f3   Thumb Code     0  startup_stm32f446xx.o(.text)
    DCMI_IRQHandler                          0x080001f3   Thumb Code     0  startup_stm32f446xx.o(.text)
    DMA1_Stream0_IRQHandler                  0x080001f3   Thumb Code     0  startup_stm32f446xx.o(.text)
    DMA1_Stream1_IRQHandler                  0x080001f3   Thumb Code     0  startup_stm32f446xx.o(.text)
    DMA1_Stream2_IRQHandler                  0x080001f3   Thumb Code     0  startup_stm32f446xx.o(.text)
    DMA1_Stream4_IRQHandler                  0x080001f3   Thumb Code     0  startup_stm32f446xx.o(.text)
    DMA1_Stream5_IRQHandler                  0x080001f3   Thumb Code     0  startup_stm32f446xx.o(.text)
    DMA1_Stream6_IRQHandler                  0x080001f3   Thumb Code     0  startup_stm32f446xx.o(.text)
    DMA1_Stream7_IRQHandler                  0x080001f3   Thumb Code     0  startup_stm32f446xx.o(.text)
    DMA2_Stream0_IRQHandler                  0x080001f3   Thumb Code     0  startup_stm32f446xx.o(.text)
    DMA2_Stream1_IRQHandler                  0x080001f3   Thumb Code     0  startup_stm32f446xx.o(.text)
    DMA2_Stream2_IRQHandler                  0x080001f3   Thumb Code     0  startup_stm32f446xx.o(.text)
    DMA2_Stream3_IRQHandler                  0x080001f3   Thumb Code     0  startup_stm32f446xx.o(.text)
    DMA2_Stream4_IRQHandler                  0x080001f3   Thumb Code     0  startup_stm32f446xx.o(.text)
    DMA2_Stream5_IRQHandler                  0x080001f3   Thumb Code     0  startup_stm32f446xx.o(.text)
    DMA2_Stream6_IRQHandler                  0x080001f3   Thumb Code     0  startup_stm32f446xx.o(.text)
    DMA2_Stream7_IRQHandler                  0x080001f3   Thumb Code     0  startup_stm32f446xx.o(.text)
    EXTI0_IRQHandler                         0x080001f3   Thumb Code     0  startup_stm32f446xx.o(.text)
    EXTI15_10_IRQHandler                     0x080001f3   Thumb Code     0  startup_stm32f446xx.o(.text)
    EXTI1_IRQHandler                         0x080001f3   Thumb Code     0  startup_stm32f446xx.o(.text)
    EXTI2_IRQHandler                         0x080001f3   Thumb Code     0  startup_stm32f446xx.o(.text)
    EXTI3_IRQHandler                         0x080001f3   Thumb Code     0  startup_stm32f446xx.o(.text)
    EXTI4_IRQHandler                         0x080001f3   Thumb Code     0  startup_stm32f446xx.o(.text)
    EXTI9_5_IRQHandler                       0x080001f3   Thumb Code     0  startup_stm32f446xx.o(.text)
    FLASH_IRQHandler                         0x080001f3   Thumb Code     0  startup_stm32f446xx.o(.text)
    FMC_IRQHandler                           0x080001f3   Thumb Code     0  startup_stm32f446xx.o(.text)
    FMPI2C1_ER_IRQHandler                    0x080001f3   Thumb Code     0  startup_stm32f446xx.o(.text)
    FMPI2C1_EV_IRQHandler                    0x080001f3   Thumb Code     0  startup_stm32f446xx.o(.text)
    FPU_IRQHandler                           0x080001f3   Thumb Code     0  startup_stm32f446xx.o(.text)
    I2C1_ER_IRQHandler                       0x080001f3   Thumb Code     0  startup_stm32f446xx.o(.text)
    I2C1_EV_IRQHandler                       0x080001f3   Thumb Code     0  startup_stm32f446xx.o(.text)
    I2C2_ER_IRQHandler                       0x080001f3   Thumb Code     0  startup_stm32f446xx.o(.text)
    I2C2_EV_IRQHandler                       0x080001f3   Thumb Code     0  startup_stm32f446xx.o(.text)
    I2C3_ER_IRQHandler                       0x080001f3   Thumb Code     0  startup_stm32f446xx.o(.text)
    I2C3_EV_IRQHandler                       0x080001f3   Thumb Code     0  startup_stm32f446xx.o(.text)
    OTG_FS_IRQHandler                        0x080001f3   Thumb Code     0  startup_stm32f446xx.o(.text)
    OTG_FS_WKUP_IRQHandler                   0x080001f3   Thumb Code     0  startup_stm32f446xx.o(.text)
    OTG_HS_EP1_IN_IRQHandler                 0x080001f3   Thumb Code     0  startup_stm32f446xx.o(.text)
    OTG_HS_EP1_OUT_IRQHandler                0x080001f3   Thumb Code     0  startup_stm32f446xx.o(.text)
    OTG_HS_IRQHandler                        0x080001f3   Thumb Code     0  startup_stm32f446xx.o(.text)
    OTG_HS_WKUP_IRQHandler                   0x080001f3   Thumb Code     0  startup_stm32f446xx.o(.text)
    PVD_IRQHandler                           0x080001f3   Thumb Code     0  startup_stm32f446xx.o(.text)
    QUADSPI_IRQHandler                       0x080001f3   Thumb Code     0  startup_stm32f446xx.o(.text)
    RCC_IRQHandler                           0x080001f3   Thumb Code     0  startup_stm32f446xx.o(.text)
    RTC_Alarm_IRQHandler                     0x080001f3   Thumb Code     0  startup_stm32f446xx.o(.text)
    RTC_WKUP_IRQHandler                      0x080001f3   Thumb Code     0  startup_stm32f446xx.o(.text)
    SAI1_IRQHandler                          0x080001f3   Thumb Code     0  startup_stm32f446xx.o(.text)
    SAI2_IRQHandler                          0x080001f3   Thumb Code     0  startup_stm32f446xx.o(.text)
    SDIO_IRQHandler                          0x080001f3   Thumb Code     0  startup_stm32f446xx.o(.text)
    SPDIF_RX_IRQHandler                      0x080001f3   Thumb Code     0  startup_stm32f446xx.o(.text)
    SPI1_IRQHandler                          0x080001f3   Thumb Code     0  startup_stm32f446xx.o(.text)
    SPI2_IRQHandler                          0x080001f3   Thumb Code     0  startup_stm32f446xx.o(.text)
    SPI3_IRQHandler                          0x080001f3   Thumb Code     0  startup_stm32f446xx.o(.text)
    SPI4_IRQHandler                          0x080001f3   Thumb Code     0  startup_stm32f446xx.o(.text)
    TAMP_STAMP_IRQHandler                    0x080001f3   Thumb Code     0  startup_stm32f446xx.o(.text)
    TIM1_BRK_TIM9_IRQHandler                 0x080001f3   Thumb Code     0  startup_stm32f446xx.o(.text)
    TIM1_CC_IRQHandler                       0x080001f3   Thumb Code     0  startup_stm32f446xx.o(.text)
    TIM1_TRG_COM_TIM11_IRQHandler            0x080001f3   Thumb Code     0  startup_stm32f446xx.o(.text)
    TIM1_UP_TIM10_IRQHandler                 0x080001f3   Thumb Code     0  startup_stm32f446xx.o(.text)
    TIM3_IRQHandler                          0x080001f3   Thumb Code     0  startup_stm32f446xx.o(.text)
    TIM4_IRQHandler                          0x080001f3   Thumb Code     0  startup_stm32f446xx.o(.text)
    TIM5_IRQHandler                          0x080001f3   Thumb Code     0  startup_stm32f446xx.o(.text)
    TIM6_DAC_IRQHandler                      0x080001f3   Thumb Code     0  startup_stm32f446xx.o(.text)
    TIM7_IRQHandler                          0x080001f3   Thumb Code     0  startup_stm32f446xx.o(.text)
    TIM8_BRK_TIM12_IRQHandler                0x080001f3   Thumb Code     0  startup_stm32f446xx.o(.text)
    TIM8_CC_IRQHandler                       0x080001f3   Thumb Code     0  startup_stm32f446xx.o(.text)
    TIM8_TRG_COM_TIM14_IRQHandler            0x080001f3   Thumb Code     0  startup_stm32f446xx.o(.text)
    TIM8_UP_TIM13_IRQHandler                 0x080001f3   Thumb Code     0  startup_stm32f446xx.o(.text)
    UART4_IRQHandler                         0x080001f3   Thumb Code     0  startup_stm32f446xx.o(.text)
    UART5_IRQHandler                         0x080001f3   Thumb Code     0  startup_stm32f446xx.o(.text)
    USART1_IRQHandler                        0x080001f3   Thumb Code     0  startup_stm32f446xx.o(.text)
    USART2_IRQHandler                        0x080001f3   Thumb Code     0  startup_stm32f446xx.o(.text)
    USART6_IRQHandler                        0x080001f3   Thumb Code     0  startup_stm32f446xx.o(.text)
    WWDG_IRQHandler                          0x080001f3   Thumb Code     0  startup_stm32f446xx.o(.text)
    __aeabi_uldivmod                         0x080001fd   Thumb Code    98  uldiv.o(.text)
    __aeabi_memset                           0x0800025f   Thumb Code    14  memseta.o(.text)
    __aeabi_memset4                          0x0800025f   Thumb Code     0  memseta.o(.text)
    __aeabi_memset8                          0x0800025f   Thumb Code     0  memseta.o(.text)
    __aeabi_memclr                           0x0800026d   Thumb Code     4  memseta.o(.text)
    __aeabi_memclr4                          0x0800026d   Thumb Code     0  memseta.o(.text)
    __aeabi_memclr8                          0x0800026d   Thumb Code     0  memseta.o(.text)
    _memset$wrapper                          0x08000271   Thumb Code    18  memseta.o(.text)
    strlen                                   0x08000283   Thumb Code    14  strlen.o(.text)
    __aeabi_dmul                             0x08000291   Thumb Code   228  dmul.o(.text)
    __aeabi_ui2d                             0x08000375   Thumb Code    26  dfltui.o(.text)
    __aeabi_d2iz                             0x0800038f   Thumb Code    62  dfixi.o(.text)
    __aeabi_uidiv                            0x080003cd   Thumb Code     0  uidiv.o(.text)
    __aeabi_uidivmod                         0x080003cd   Thumb Code    44  uidiv.o(.text)
    __aeabi_llsl                             0x080003f9   Thumb Code    30  llshl.o(.text)
    _ll_shift_l                              0x080003f9   Thumb Code     0  llshl.o(.text)
    __aeabi_llsr                             0x08000417   Thumb Code    32  llushr.o(.text)
    _ll_ushift_r                             0x08000417   Thumb Code     0  llushr.o(.text)
    __I$use$fp                               0x08000437   Thumb Code     0  iusefp.o(.text)
    _double_round                            0x08000437   Thumb Code    30  depilogue.o(.text)
    _double_epilogue                         0x08000455   Thumb Code   156  depilogue.o(.text)
    __scatterload                            0x080004f1   Thumb Code    28  init.o(.text)
    __scatterload_rt2                        0x080004f1   Thumb Code     0  init.o(.text)
    BusFault_Handler                         0x08000515   Thumb Code     2  stm32f4xx_it.o(.text.BusFault_Handler)
    DMA1_Stream3_IRQHandler                  0x08000519   Thumb Code    16  stm32f4xx_it.o(.text.DMA1_Stream3_IRQHandler)
    DebugMon_Handler                         0x080005e5   Thumb Code     2  stm32f4xx_it.o(.text.DebugMon_Handler)
    Draw_Controller_Menu                     0x080005e9   Thumb Code    28  ui.o(.text.Draw_Controller_Menu)
    Draw_Menu                                0x08000615   Thumb Code   184  ui.o(.text.Draw_Menu)
    Draw_Work_Mode_Menu                      0x08000881   Thumb Code    28  ui.o(.text.Draw_Work_Mode_Menu)
    Draw_Work_Params_Menu                    0x080008ad   Thumb Code    28  ui.o(.text.Draw_Work_Params_Menu)
    Error_Handler                            0x080008d9   Thumb Code     6  main.o(.text.Error_Handler)
    Get_Menu_Context                         0x080008e1   Thumb Code    10  state.o(.text.Get_Menu_Context)
    HAL_DMA_Abort                            0x080008ed   Thumb Code   128  stm32f4xx_hal_dma.o(.text.HAL_DMA_Abort)
    HAL_DMA_Abort_IT                         0x0800096d   Thumb Code    36  stm32f4xx_hal_dma.o(.text.HAL_DMA_Abort_IT)
    HAL_DMA_IRQHandler                       0x08000991   Thumb Code   396  stm32f4xx_hal_dma.o(.text.HAL_DMA_IRQHandler)
    HAL_DMA_Init                             0x08000b1d   Thumb Code   206  stm32f4xx_hal_dma.o(.text.HAL_DMA_Init)
    HAL_DMA_Start_IT                         0x08000bed   Thumb Code    98  stm32f4xx_hal_dma.o(.text.HAL_DMA_Start_IT)
    HAL_Delay                                0x08000c51   Thumb Code    40  stm32f4xx_hal.o(.text.HAL_Delay)
    HAL_GPIO_Init                            0x08000c79   Thumb Code   410  stm32f4xx_hal_gpio.o(.text.HAL_GPIO_Init)
    HAL_GPIO_ReadPin                         0x08000e15   Thumb Code    10  stm32f4xx_hal_gpio.o(.text.HAL_GPIO_ReadPin)
    HAL_GetTick                              0x08000e21   Thumb Code    12  stm32f4xx_hal.o(.text.HAL_GetTick)
    HAL_IncTick                              0x08000e2d   Thumb Code    26  stm32f4xx_hal.o(.text.HAL_IncTick)
    HAL_Init                                 0x08000e49   Thumb Code    54  stm32f4xx_hal.o(.text.HAL_Init)
    HAL_InitTick                             0x08000e81   Thumb Code    80  stm32f4xx_hal.o(.text.HAL_InitTick)
    HAL_MspInit                              0x08000ed1   Thumb Code    56  stm32f4xx_hal_msp.o(.text.HAL_MspInit)
    HAL_NVIC_EnableIRQ                       0x08000f09   Thumb Code     8  stm32f4xx_hal_cortex.o(.text.HAL_NVIC_EnableIRQ)
    HAL_NVIC_SetPriority                     0x08000f11   Thumb Code    30  stm32f4xx_hal_cortex.o(.text.HAL_NVIC_SetPriority)
    HAL_NVIC_SetPriorityGrouping             0x08000f31   Thumb Code     8  stm32f4xx_hal_cortex.o(.text.HAL_NVIC_SetPriorityGrouping)
    HAL_PWREx_EnableOverDrive                0x08000f39   Thumb Code   122  stm32f4xx_hal_pwr_ex.o(.text.HAL_PWREx_EnableOverDrive)
    HAL_RCC_ClockConfig                      0x08000fb5   Thumb Code   352  stm32f4xx_hal_rcc.o(.text.HAL_RCC_ClockConfig)
    HAL_RCC_GetHCLKFreq                      0x08001115   Thumb Code    12  stm32f4xx_hal_rcc.o(.text.HAL_RCC_GetHCLKFreq)
    HAL_RCC_GetPCLK1Freq                     0x08001121   Thumb Code    34  stm32f4xx_hal_rcc.o(.text.HAL_RCC_GetPCLK1Freq)
    HAL_RCC_GetPCLK2Freq                     0x08001145   Thumb Code    34  stm32f4xx_hal_rcc.o(.text.HAL_RCC_GetPCLK2Freq)
    HAL_RCC_GetSysClockFreq                  0x08001169   Thumb Code   160  stm32f4xx_hal_rcc_ex.o(.text.HAL_RCC_GetSysClockFreq)
    HAL_RCC_OscConfig                        0x08001209   Thumb Code   904  stm32f4xx_hal_rcc_ex.o(.text.HAL_RCC_OscConfig)
    HAL_SYSTICK_Config                       0x08001591   Thumb Code     8  stm32f4xx_hal_cortex.o(.text.HAL_SYSTICK_Config)
    HAL_TIMEx_BreakCallback                  0x08001599   Thumb Code     2  stm32f4xx_hal_tim_ex.o(.text.HAL_TIMEx_BreakCallback)
    HAL_TIMEx_CommutCallback                 0x0800159d   Thumb Code     2  stm32f4xx_hal_tim_ex.o(.text.HAL_TIMEx_CommutCallback)
    HAL_TIMEx_MasterConfigSynchronization    0x080015a1   Thumb Code   184  stm32f4xx_hal_tim_ex.o(.text.HAL_TIMEx_MasterConfigSynchronization)
    HAL_TIM_Base_Init                        0x08001659   Thumb Code    90  stm32f4xx_hal_tim.o(.text.HAL_TIM_Base_Init)
    HAL_TIM_Base_MspInit                     0x080016b5   Thumb Code    66  tim.o(.text.HAL_TIM_Base_MspInit)
    HAL_TIM_ConfigClockSource                0x080016f9   Thumb Code   222  stm32f4xx_hal_tim.o(.text.HAL_TIM_ConfigClockSource)
    HAL_TIM_IC_CaptureCallback               0x080017d9   Thumb Code     2  stm32f4xx_hal_tim.o(.text.HAL_TIM_IC_CaptureCallback)
    HAL_TIM_IRQHandler                       0x080017dd   Thumb Code   308  stm32f4xx_hal_tim.o(.text.HAL_TIM_IRQHandler)
    HAL_TIM_OC_DelayElapsedCallback          0x08001911   Thumb Code     2  stm32f4xx_hal_tim.o(.text.HAL_TIM_OC_DelayElapsedCallback)
    HAL_TIM_PWM_PulseFinishedCallback        0x08001915   Thumb Code     2  stm32f4xx_hal_tim.o(.text.HAL_TIM_PWM_PulseFinishedCallback)
    HAL_TIM_PeriodElapsedCallback            0x08001919   Thumb Code     2  tim.o(.text.HAL_TIM_PeriodElapsedCallback)
    HAL_TIM_TriggerCallback                  0x0800191d   Thumb Code     2  stm32f4xx_hal_tim.o(.text.HAL_TIM_TriggerCallback)
    HAL_UARTEx_RxEventCallback               0x08001921   Thumb Code     2  stm32f4xx_hal_uart.o(.text.HAL_UARTEx_RxEventCallback)
    HAL_UART_ErrorCallback                   0x08001925   Thumb Code     2  stm32f4xx_hal_uart.o(.text.HAL_UART_ErrorCallback)
    HAL_UART_IRQHandler                      0x08001929   Thumb Code   578  stm32f4xx_hal_uart.o(.text.HAL_UART_IRQHandler)
    HAL_UART_Init                            0x08001b6d   Thumb Code    96  stm32f4xx_hal_uart.o(.text.HAL_UART_Init)
    HAL_UART_MspInit                         0x08001bcd   Thumb Code   254  usart.o(.text.HAL_UART_MspInit)
    HAL_UART_RxCpltCallback                  0x08001ccd   Thumb Code     2  stm32f4xx_hal_uart.o(.text.HAL_UART_RxCpltCallback)
    HAL_UART_Transmit_DMA                    0x08001cd1   Thumb Code   124  stm32f4xx_hal_uart.o(.text.HAL_UART_Transmit_DMA)
    HAL_UART_TxCpltCallback                  0x08001d4d   Thumb Code     2  stm32f4xx_hal_uart.o(.text.HAL_UART_TxCpltCallback)
    HAL_UART_TxHalfCpltCallback              0x08001d51   Thumb Code     2  stm32f4xx_hal_uart.o(.text.HAL_UART_TxHalfCpltCallback)
    Handle_Ctrl_Params_Keys                  0x08001d55   Thumb Code    68  state.o(.text.Handle_Ctrl_Params_Keys)
    Handle_Main_Keys                         0x08001d99   Thumb Code    82  state.o(.text.Handle_Main_Keys)
    Handle_Menu_Key                          0x08001ded   Thumb Code    50  state.o(.text.Handle_Menu_Key)
    Handle_Work_Mode_Keys                    0x08001e21   Thumb Code    68  state.o(.text.Handle_Work_Mode_Keys)
    Handle_Work_Params_Keys                  0x08001e65   Thumb Code    68  state.o(.text.Handle_Work_Params_Keys)
    HardFault_Handler                        0x08001ea9   Thumb Code     2  stm32f4xx_it.o(.text.HardFault_Handler)
    Key_Init                                 0x08001ead   Thumb Code    18  key.o(.text.Key_Init)
    Key_Scan                                 0x08001ec1   Thumb Code   210  key.o(.text.Key_Scan)
    MX_DMA_Init                              0x08001f95   Thumb Code    54  dma.o(.text.MX_DMA_Init)
    MX_GPIO_Init                             0x08001fcd   Thumb Code   176  gpio.o(.text.MX_GPIO_Init)
    MX_TIM2_Init                             0x0800207d   Thumb Code   120  tim.o(.text.MX_TIM2_Init)
    MX_USART3_UART_Init                      0x080020f5   Thumb Code    56  usart.o(.text.MX_USART3_UART_Init)
    MemManage_Handler                        0x0800212d   Thumb Code     2  stm32f4xx_it.o(.text.MemManage_Handler)
    Menu_State_Init                          0x08002131   Thumb Code    16  state.o(.text.Menu_State_Init)
    NMI_Handler                              0x08002141   Thumb Code     2  stm32f4xx_it.o(.text.NMI_Handler)
    PendSV_Handler                           0x08002171   Thumb Code     2  stm32f4xx_it.o(.text.PendSV_Handler)
    SVC_Handler                              0x08002175   Thumb Code     2  stm32f4xx_it.o(.text.SVC_Handler)
    Screen_Clear                             0x08002179   Thumb Code    88  tjc4832k035_011n.o(.text.Screen_Clear)
    Send_Xstr                                0x080021d9   Thumb Code   116  tjc4832k035_011n.o(.text.Send_Xstr)
    SysTick_Handler                          0x080022a5   Thumb Code     8  stm32f4xx_it.o(.text.SysTick_Handler)
    SystemClock_Config                       0x080022ad   Thumb Code   174  main.o(.text.SystemClock_Config)
    SystemInit                               0x0800235d   Thumb Code    18  system_stm32f4xx.o(.text.SystemInit)
    TIM2_IRQHandler                          0x08002371   Thumb Code    16  stm32f4xx_it.o(.text.TIM2_IRQHandler)
    TIM_Base_SetConfig                       0x08002381   Thumb Code   308  stm32f4xx_hal_tim.o(.text.TIM_Base_SetConfig)
    TIM_ETR_SetConfig                        0x080024b5   Thumb Code    22  stm32f4xx_hal_tim.o(.text.TIM_ETR_SetConfig)
    UI_Init                                  0x08002849   Thumb Code    24  ui.o(.text.UI_Init)
    UI_Task                                  0x08002861   Thumb Code   474  ui.o(.text.UI_Task)
    USART3_IRQHandler                        0x08002a3d   Thumb Code    16  stm32f4xx_it.o(.text.USART3_IRQHandler)
    UsageFault_Handler                       0x08002a4d   Thumb Code     2  stm32f4xx_it.o(.text.UsageFault_Handler)
    main                                     0x08002ac5   Thumb Code    34  main.o(.text.main)
    __0snprintf$6                            0x08002ae9   Thumb Code    48  printf6.o(i.__0snprintf$6)
    __1snprintf$6                            0x08002ae9   Thumb Code     0  printf6.o(i.__0snprintf$6)
    __2snprintf                              0x08002ae9   Thumb Code     0  printf6.o(i.__0snprintf$6)
    __scatterload_copy                       0x08002b1d   Thumb Code    14  handlers.o(i.__scatterload_copy)
    __scatterload_null                       0x08002b2b   Thumb Code     2  handlers.o(i.__scatterload_null)
    __scatterload_zeroinit                   0x08002b2d   Thumb Code    14  handlers.o(i.__scatterload_zeroinit)
    AHBPrescTable                            0x08002e94   Data          16  system_stm32f4xx.o(.rodata.AHBPrescTable)
    APBPrescTable                            0x08002ea4   Data           8  system_stm32f4xx.o(.rodata.APBPrescTable)
    Region$$Table$$Base                      0x08003098   Number         0  anon$$obj.o(Region$$Table)
    Region$$Table$$Limit                     0x080030b8   Number         0  anon$$obj.o(Region$$Table)
    SystemCoreClock                          0x20000000   Data           4  system_stm32f4xx.o(.data.SystemCoreClock)
    uwTickFreq                               0x20000030   Data           1  stm32f4xx_hal.o(.data.uwTickFreq)
    uwTickPrio                               0x20000034   Data           4  stm32f4xx_hal.o(.data.uwTickPrio)
    g_menu                                   0x20000104   Data           8  state.o(.bss.g_menu)
    hdma_usart3_tx                           0x2000010c   Data          96  usart.o(.bss.hdma_usart3_tx)
    htim2                                    0x2000016c   Data          72  tim.o(.bss.htim2)
    huart3                                   0x200001b4   Data          72  usart.o(.bss.huart3)
    uwTick                                   0x20000268   Data           4  stm32f4xx_hal.o(.bss.uwTick)
    __initial_sp                             0x20000670   Data           0  startup_stm32f446xx.o(STACK)



==============================================================================

Memory Map of the image

  Image Entry point : 0x080001c5

  Load Region LR_IROM1 (Base: 0x08000000, Size: 0x00003128, Max: 0x00080000, ABSOLUTE)

    Execution Region ER_IROM1 (Exec base: 0x08000000, Load base: 0x08000000, Size: 0x000030b8, Max: 0x00080000, ABSOLUTE)

    Exec Addr    Load Addr    Size         Type   Attr      Idx    E Section Name        Object

    0x08000000   0x08000000   0x000001c4   Data   RO            3    RESET               startup_stm32f446xx.o
    0x080001c4   0x080001c4   0x00000000   Code   RO         1178  * .ARM.Collect$$$$00000000  mc_w.l(entry.o)
    0x080001c4   0x080001c4   0x00000004   Code   RO         1454    .ARM.Collect$$$$00000001  mc_w.l(entry2.o)
    0x080001c8   0x080001c8   0x00000004   Code   RO         1457    .ARM.Collect$$$$00000004  mc_w.l(entry5.o)
    0x080001cc   0x080001cc   0x00000000   Code   RO         1459    .ARM.Collect$$$$00000008  mc_w.l(entry7b.o)
    0x080001cc   0x080001cc   0x00000000   Code   RO         1461    .ARM.Collect$$$$0000000A  mc_w.l(entry8b.o)
    0x080001cc   0x080001cc   0x00000008   Code   RO         1462    .ARM.Collect$$$$0000000B  mc_w.l(entry9a.o)
    0x080001d4   0x080001d4   0x00000000   Code   RO         1464    .ARM.Collect$$$$0000000D  mc_w.l(entry10a.o)
    0x080001d4   0x080001d4   0x00000000   Code   RO         1466    .ARM.Collect$$$$0000000F  mc_w.l(entry11a.o)
    0x080001d4   0x080001d4   0x00000004   Code   RO         1455    .ARM.Collect$$$$00002712  mc_w.l(entry2.o)
    0x080001d8   0x080001d8   0x00000024   Code   RO            4    .text               startup_stm32f446xx.o
    0x080001fc   0x080001fc   0x00000062   Code   RO         1181    .text               mc_w.l(uldiv.o)
    0x0800025e   0x0800025e   0x00000024   Code   RO         1183    .text               mc_w.l(memseta.o)
    0x08000282   0x08000282   0x0000000e   Code   RO         1185    .text               mc_w.l(strlen.o)
    0x08000290   0x08000290   0x000000e4   Code   RO         1448    .text               mf_w.l(dmul.o)
    0x08000374   0x08000374   0x0000001a   Code   RO         1450    .text               mf_w.l(dfltui.o)
    0x0800038e   0x0800038e   0x0000003e   Code   RO         1452    .text               mf_w.l(dfixi.o)
    0x080003cc   0x080003cc   0x0000002c   Code   RO         1482    .text               mc_w.l(uidiv.o)
    0x080003f8   0x080003f8   0x0000001e   Code   RO         1484    .text               mc_w.l(llshl.o)
    0x08000416   0x08000416   0x00000020   Code   RO         1486    .text               mc_w.l(llushr.o)
    0x08000436   0x08000436   0x00000000   Code   RO         1488    .text               mc_w.l(iusefp.o)
    0x08000436   0x08000436   0x000000ba   Code   RO         1489    .text               mf_w.l(depilogue.o)
    0x080004f0   0x080004f0   0x00000024   Code   RO         1499    .text               mc_w.l(init.o)
    0x08000514   0x08000514   0x00000002   Code   RO           82    .text.BusFault_Handler  stm32f4xx_it.o
    0x08000516   0x08000516   0x00000002   PAD
    0x08000518   0x08000518   0x00000010   Code   RO           94    .text.DMA1_Stream3_IRQHandler  stm32f4xx_it.o
    0x08000528   0x08000528   0x0000003c   Code   RO          675    .text.DMA_CalcBaseAndBitshift  stm32f4xx_hal_dma.o
    0x08000564   0x08000564   0x00000050   Code   RO          673    .text.DMA_CheckFifoParam  stm32f4xx_hal_dma.o
    0x080005b4   0x080005b4   0x00000030   Code   RO          681    .text.DMA_SetConfig  stm32f4xx_hal_dma.o
    0x080005e4   0x080005e4   0x00000002   Code   RO           88    .text.DebugMon_Handler  stm32f4xx_it.o
    0x080005e6   0x080005e6   0x00000002   PAD
    0x080005e8   0x080005e8   0x0000002c   Code   RO         1117    .text.Draw_Controller_Menu  ui.o
    0x08000614   0x08000614   0x000000cc   Code   RO         1107    .text.Draw_Menu     ui.o
    0x080006e0   0x080006e0   0x0000007c   Code   RO         1123    .text.Draw_Menu_Item  ui.o
    0x0800075c   0x0800075c   0x000000b0   Code   RO         1113    .text.Draw_Submenu  ui.o
    0x0800080c   0x0800080c   0x00000004   PAD
    0x08000810   0x08000810   0x00000070   Code   RO         1109    .text.Draw_Title    ui.o
    0x08000880   0x08000880   0x0000002c   Code   RO         1111    .text.Draw_Work_Mode_Menu  ui.o
    0x080008ac   0x080008ac   0x0000002c   Code   RO         1115    .text.Draw_Work_Params_Menu  ui.o
    0x080008d8   0x080008d8   0x00000006   Code   RO           15    .text.Error_Handler  main.o
    0x080008de   0x080008de   0x00000002   PAD
    0x080008e0   0x080008e0   0x0000000a   Code   RO         1150    .text.Get_Menu_Context  state.o
    0x080008ea   0x080008ea   0x00000002   PAD
    0x080008ec   0x080008ec   0x00000080   Code   RO          685    .text.HAL_DMA_Abort  stm32f4xx_hal_dma.o
    0x0800096c   0x0800096c   0x00000024   Code   RO          687    .text.HAL_DMA_Abort_IT  stm32f4xx_hal_dma.o
    0x08000990   0x08000990   0x0000018c   Code   RO          691    .text.HAL_DMA_IRQHandler  stm32f4xx_hal_dma.o
    0x08000b1c   0x08000b1c   0x000000ce   Code   RO          671    .text.HAL_DMA_Init  stm32f4xx_hal_dma.o
    0x08000bea   0x08000bea   0x00000002   PAD
    0x08000bec   0x08000bec   0x00000062   Code   RO          683    .text.HAL_DMA_Start_IT  stm32f4xx_hal_dma.o
    0x08000c4e   0x08000c4e   0x00000002   PAD
    0x08000c50   0x08000c50   0x00000028   Code   RO          875    .text.HAL_Delay     stm32f4xx_hal.o
    0x08000c78   0x08000c78   0x0000019a   Code   RO          631    .text.HAL_GPIO_Init  stm32f4xx_hal_gpio.o
    0x08000e12   0x08000e12   0x00000002   PAD
    0x08000e14   0x08000e14   0x0000000a   Code   RO          635    .text.HAL_GPIO_ReadPin  stm32f4xx_hal_gpio.o
    0x08000e1e   0x08000e1e   0x00000002   PAD
    0x08000e20   0x08000e20   0x0000000c   Code   RO          867    .text.HAL_GetTick   stm32f4xx_hal.o
    0x08000e2c   0x08000e2c   0x0000001a   Code   RO          865    .text.HAL_IncTick   stm32f4xx_hal.o
    0x08000e46   0x08000e46   0x00000002   PAD
    0x08000e48   0x08000e48   0x00000036   Code   RO          855    .text.HAL_Init      stm32f4xx_hal.o
    0x08000e7e   0x08000e7e   0x00000002   PAD
    0x08000e80   0x08000e80   0x00000050   Code   RO          857    .text.HAL_InitTick  stm32f4xx_hal.o
    0x08000ed0   0x08000ed0   0x00000038   Code   RO          107    .text.HAL_MspInit   stm32f4xx_hal_msp.o
    0x08000f08   0x08000f08   0x00000008   Code   RO          789    .text.HAL_NVIC_EnableIRQ  stm32f4xx_hal_cortex.o
    0x08000f10   0x08000f10   0x0000001e   Code   RO          781    .text.HAL_NVIC_SetPriority  stm32f4xx_hal_cortex.o
    0x08000f2e   0x08000f2e   0x00000002   PAD
    0x08000f30   0x08000f30   0x00000008   Code   RO          777    .text.HAL_NVIC_SetPriorityGrouping  stm32f4xx_hal_cortex.o
    0x08000f38   0x08000f38   0x0000007a   Code   RO          763    .text.HAL_PWREx_EnableOverDrive  stm32f4xx_hal_pwr_ex.o
    0x08000fb2   0x08000fb2   0x00000002   PAD
    0x08000fb4   0x08000fb4   0x00000160   Code   RO          457    .text.HAL_RCC_ClockConfig  stm32f4xx_hal_rcc.o
    0x08001114   0x08001114   0x0000000c   Code   RO          467    .text.HAL_RCC_GetHCLKFreq  stm32f4xx_hal_rcc.o
    0x08001120   0x08001120   0x00000022   Code   RO          469    .text.HAL_RCC_GetPCLK1Freq  stm32f4xx_hal_rcc.o
    0x08001142   0x08001142   0x00000002   PAD
    0x08001144   0x08001144   0x00000022   Code   RO          471    .text.HAL_RCC_GetPCLK2Freq  stm32f4xx_hal_rcc.o
    0x08001166   0x08001166   0x00000002   PAD
    0x08001168   0x08001168   0x000000a0   Code   RO          505    .text.HAL_RCC_GetSysClockFreq  stm32f4xx_hal_rcc_ex.o
    0x08001208   0x08001208   0x00000388   Code   RO          509    .text.HAL_RCC_OscConfig  stm32f4xx_hal_rcc_ex.o
    0x08001590   0x08001590   0x00000008   Code   RO          801    .text.HAL_SYSTICK_Config  stm32f4xx_hal_cortex.o
    0x08001598   0x08001598   0x00000002   Code   RO          439    .text.HAL_TIMEx_BreakCallback  stm32f4xx_hal_tim_ex.o
    0x0800159a   0x0800159a   0x00000002   PAD
    0x0800159c   0x0800159c   0x00000002   Code   RO          435    .text.HAL_TIMEx_CommutCallback  stm32f4xx_hal_tim_ex.o
    0x0800159e   0x0800159e   0x00000002   PAD
    0x080015a0   0x080015a0   0x000000b8   Code   RO          429    .text.HAL_TIMEx_MasterConfigSynchronization  stm32f4xx_hal_tim_ex.o
    0x08001658   0x08001658   0x0000005a   Code   RO          115    .text.HAL_TIM_Base_Init  stm32f4xx_hal_tim.o
    0x080016b2   0x080016b2   0x00000002   PAD
    0x080016b4   0x080016b4   0x00000042   Code   RO           45    .text.HAL_TIM_Base_MspInit  tim.o
    0x080016f6   0x080016f6   0x00000002   PAD
    0x080016f8   0x080016f8   0x000000de   Code   RO          307    .text.HAL_TIM_ConfigClockSource  stm32f4xx_hal_tim.o
    0x080017d6   0x080017d6   0x00000002   PAD
    0x080017d8   0x080017d8   0x00000002   Code   RO          251    .text.HAL_TIM_IC_CaptureCallback  stm32f4xx_hal_tim.o
    0x080017da   0x080017da   0x00000002   PAD
    0x080017dc   0x080017dc   0x00000134   Code   RO          249    .text.HAL_TIM_IRQHandler  stm32f4xx_hal_tim.o
    0x08001910   0x08001910   0x00000002   Code   RO          253    .text.HAL_TIM_OC_DelayElapsedCallback  stm32f4xx_hal_tim.o
    0x08001912   0x08001912   0x00000002   PAD
    0x08001914   0x08001914   0x00000002   Code   RO          255    .text.HAL_TIM_PWM_PulseFinishedCallback  stm32f4xx_hal_tim.o
    0x08001916   0x08001916   0x00000002   PAD
    0x08001918   0x08001918   0x00000002   Code   RO           49    .text.HAL_TIM_PeriodElapsedCallback  tim.o
    0x0800191a   0x0800191a   0x00000002   PAD
    0x0800191c   0x0800191c   0x00000002   Code   RO          259    .text.HAL_TIM_TriggerCallback  stm32f4xx_hal_tim.o
    0x0800191e   0x0800191e   0x00000002   PAD
    0x08001920   0x08001920   0x00000002   Code   RO         1038    .text.HAL_UARTEx_RxEventCallback  stm32f4xx_hal_uart.o
    0x08001922   0x08001922   0x00000002   PAD
    0x08001924   0x08001924   0x00000002   Code   RO         1036    .text.HAL_UART_ErrorCallback  stm32f4xx_hal_uart.o
    0x08001926   0x08001926   0x00000002   PAD
    0x08001928   0x08001928   0x00000242   Code   RO         1030    .text.HAL_UART_IRQHandler  stm32f4xx_hal_uart.o
    0x08001b6a   0x08001b6a   0x00000002   PAD
    0x08001b6c   0x08001b6c   0x00000060   Code   RO          946    .text.HAL_UART_Init  stm32f4xx_hal_uart.o
    0x08001bcc   0x08001bcc   0x000000fe   Code   RO           62    .text.HAL_UART_MspInit  usart.o
    0x08001cca   0x08001cca   0x00000002   PAD
    0x08001ccc   0x08001ccc   0x00000002   Code   RO         1048    .text.HAL_UART_RxCpltCallback  stm32f4xx_hal_uart.o
    0x08001cce   0x08001cce   0x00000002   PAD
    0x08001cd0   0x08001cd0   0x0000007c   Code   RO          974    .text.HAL_UART_Transmit_DMA  stm32f4xx_hal_uart.o
    0x08001d4c   0x08001d4c   0x00000002   Code   RO         1044    .text.HAL_UART_TxCpltCallback  stm32f4xx_hal_uart.o
    0x08001d4e   0x08001d4e   0x00000002   PAD
    0x08001d50   0x08001d50   0x00000002   Code   RO         1046    .text.HAL_UART_TxHalfCpltCallback  stm32f4xx_hal_uart.o
    0x08001d52   0x08001d52   0x00000002   PAD
    0x08001d54   0x08001d54   0x00000044   Code   RO         1148    .text.Handle_Ctrl_Params_Keys  state.o
    0x08001d98   0x08001d98   0x00000052   Code   RO         1142    .text.Handle_Main_Keys  state.o
    0x08001dea   0x08001dea   0x00000002   PAD
    0x08001dec   0x08001dec   0x00000032   Code   RO         1140    .text.Handle_Menu_Key  state.o
    0x08001e1e   0x08001e1e   0x00000002   PAD
    0x08001e20   0x08001e20   0x00000044   Code   RO         1144    .text.Handle_Work_Mode_Keys  state.o
    0x08001e64   0x08001e64   0x00000044   Code   RO         1146    .text.Handle_Work_Params_Keys  state.o
    0x08001ea8   0x08001ea8   0x00000002   Code   RO           78    .text.HardFault_Handler  stm32f4xx_it.o
    0x08001eaa   0x08001eaa   0x00000002   PAD
    0x08001eac   0x08001eac   0x00000012   Code   RO         1093    .text.Key_Init      key.o
    0x08001ebe   0x08001ebe   0x00000002   PAD
    0x08001ec0   0x08001ec0   0x000000d2   Code   RO         1095    .text.Key_Scan      key.o
    0x08001f92   0x08001f92   0x00000002   PAD
    0x08001f94   0x08001f94   0x00000036   Code   RO           34    .text.MX_DMA_Init   dma.o
    0x08001fca   0x08001fca   0x00000002   PAD
    0x08001fcc   0x08001fcc   0x000000b0   Code   RO           25    .text.MX_GPIO_Init  gpio.o
    0x0800207c   0x0800207c   0x00000078   Code   RO           43    .text.MX_TIM2_Init  tim.o
    0x080020f4   0x080020f4   0x00000038   Code   RO           60    .text.MX_USART3_UART_Init  usart.o
    0x0800212c   0x0800212c   0x00000002   Code   RO           80    .text.MemManage_Handler  stm32f4xx_it.o
    0x0800212e   0x0800212e   0x00000002   PAD
    0x08002130   0x08002130   0x00000010   Code   RO         1138    .text.Menu_State_Init  state.o
    0x08002140   0x08002140   0x00000002   Code   RO           76    .text.NMI_Handler   stm32f4xx_it.o
    0x08002142   0x08002142   0x00000002   PAD
    0x08002144   0x08002144   0x0000002c   Code   RO          787    .text.NVIC_EncodePriority  stm32f4xx_hal_cortex.o
    0x08002170   0x08002170   0x00000002   Code   RO           90    .text.PendSV_Handler  stm32f4xx_it.o
    0x08002172   0x08002172   0x00000002   PAD
    0x08002174   0x08002174   0x00000002   Code   RO           86    .text.SVC_Handler   stm32f4xx_it.o
    0x08002176   0x08002176   0x00000002   PAD
    0x08002178   0x08002178   0x00000060   Code   RO         1162    .text.Screen_Clear  tjc4832k035_011n.o
    0x080021d8   0x080021d8   0x0000009c   Code   RO         1166    .text.Send_Xstr     tjc4832k035_011n.o
    0x08002274   0x08002274   0x0000002e   Code   RO          803    .text.SysTick_Config  stm32f4xx_hal_cortex.o
    0x080022a2   0x080022a2   0x00000002   PAD
    0x080022a4   0x080022a4   0x00000008   Code   RO           92    .text.SysTick_Handler  stm32f4xx_it.o
    0x080022ac   0x080022ac   0x000000ae   Code   RO           13    .text.SystemClock_Config  main.o
    0x0800235a   0x0800235a   0x00000002   PAD
    0x0800235c   0x0800235c   0x00000012   Code   RO         1078    .text.SystemInit    system_stm32f4xx.o
    0x0800236e   0x0800236e   0x00000002   PAD
    0x08002370   0x08002370   0x00000010   Code   RO           96    .text.TIM2_IRQHandler  stm32f4xx_it.o
    0x08002380   0x08002380   0x00000134   Code   RO          119    .text.TIM_Base_SetConfig  stm32f4xx_hal_tim.o
    0x080024b4   0x080024b4   0x00000016   Code   RO          305    .text.TIM_ETR_SetConfig  stm32f4xx_hal_tim.o
    0x080024ca   0x080024ca   0x00000002   PAD
    0x080024cc   0x080024cc   0x00000010   Code   RO          311    .text.TIM_ITRx_SetConfig  stm32f4xx_hal_tim.o
    0x080024dc   0x080024dc   0x00000022   Code   RO          309    .text.TIM_TI1_ConfigInputStage  stm32f4xx_hal_tim.o
    0x080024fe   0x080024fe   0x00000002   PAD
    0x08002500   0x08002500   0x00000024   Code   RO          313    .text.TIM_TI2_ConfigInputStage  stm32f4xx_hal_tim.o
    0x08002524   0x08002524   0x00000010   Code   RO         1034    .text.UART_DMAAbortOnError  stm32f4xx_hal_uart.o
    0x08002534   0x08002534   0x0000004c   Code   RO          980    .text.UART_DMAError  stm32f4xx_hal_uart.o
    0x08002580   0x08002580   0x00000040   Code   RO          976    .text.UART_DMATransmitCplt  stm32f4xx_hal_uart.o
    0x080025c0   0x080025c0   0x0000000a   Code   RO          978    .text.UART_DMATxHalfCplt  stm32f4xx_hal_uart.o
    0x080025ca   0x080025ca   0x00000002   PAD
    0x080025cc   0x080025cc   0x00000050   Code   RO          994    .text.UART_EndRxTransfer  stm32f4xx_hal_uart.o
    0x0800261c   0x0800261c   0x00000018   Code   RO         1042    .text.UART_EndTransmit_IT  stm32f4xx_hal_uart.o
    0x08002634   0x08002634   0x0000001c   Code   RO          992    .text.UART_EndTxTransfer  stm32f4xx_hal_uart.o
    0x08002650   0x08002650   0x000000c8   Code   RO         1032    .text.UART_Receive_IT  stm32f4xx_hal_uart.o
    0x08002718   0x08002718   0x000000dc   Code   RO          950    .text.UART_SetConfig  stm32f4xx_hal_uart.o
    0x080027f4   0x080027f4   0x00000052   Code   RO         1040    .text.UART_Transmit_IT  stm32f4xx_hal_uart.o
    0x08002846   0x08002846   0x00000002   PAD
    0x08002848   0x08002848   0x00000018   Code   RO         1119    .text.UI_Init       ui.o
    0x08002860   0x08002860   0x000001da   Code   RO         1121    .text.UI_Task       ui.o
    0x08002a3a   0x08002a3a   0x00000002   PAD
    0x08002a3c   0x08002a3c   0x00000010   Code   RO           98    .text.USART3_IRQHandler  stm32f4xx_it.o
    0x08002a4c   0x08002a4c   0x00000002   Code   RO           84    .text.UsageFault_Handler  stm32f4xx_it.o
    0x08002a4e   0x08002a4e   0x00000002   PAD
    0x08002a50   0x08002a50   0x00000020   Code   RO          791    .text.__NVIC_EnableIRQ  stm32f4xx_hal_cortex.o
    0x08002a70   0x08002a70   0x00000010   Code   RO          783    .text.__NVIC_GetPriorityGrouping  stm32f4xx_hal_cortex.o
    0x08002a80   0x08002a80   0x00000022   Code   RO          785    .text.__NVIC_SetPriority  stm32f4xx_hal_cortex.o
    0x08002aa2   0x08002aa2   0x00000002   PAD
    0x08002aa4   0x08002aa4   0x00000020   Code   RO          779    .text.__NVIC_SetPriorityGrouping  stm32f4xx_hal_cortex.o
    0x08002ac4   0x08002ac4   0x00000022   Code   RO           11    .text.main          main.o
    0x08002ae6   0x08002ae6   0x00000002   PAD
    0x08002ae8   0x08002ae8   0x00000034   Code   RO         1343    i.__0snprintf$6     mc_w.l(printf6.o)
    0x08002b1c   0x08002b1c   0x0000000e   Code   RO         1507    i.__scatterload_copy  mc_w.l(handlers.o)
    0x08002b2a   0x08002b2a   0x00000002   Code   RO         1508    i.__scatterload_null  mc_w.l(handlers.o)
    0x08002b2c   0x08002b2c   0x0000000e   Code   RO         1509    i.__scatterload_zeroinit  mc_w.l(handlers.o)
    0x08002b3a   0x08002b3a   0x00000002   PAD
    0x08002b3c   0x08002b3c   0x000002f0   Code   RO         1349    i._printf_core      mc_w.l(printf6.o)
    0x08002e2c   0x08002e2c   0x00000024   Code   RO         1350    i._printf_post_padding  mc_w.l(printf6.o)
    0x08002e50   0x08002e50   0x0000002e   Code   RO         1351    i._printf_pre_padding  mc_w.l(printf6.o)
    0x08002e7e   0x08002e7e   0x00000016   Code   RO         1352    i._snputc           mc_w.l(printf6.o)
    0x08002e94   0x08002e94   0x00000010   Data   RO         1083    .rodata.AHBPrescTable  system_stm32f4xx.o
    0x08002ea4   0x08002ea4   0x00000008   Data   RO         1084    .rodata.APBPrescTable  system_stm32f4xx.o
    0x08002eac   0x08002eac   0x00000048   Data   RO         1098    .rodata.key_config  key.o
    0x08002ef4   0x08002ef4   0x000001a1   Data   RO         1125    .rodata.str1.1      ui.o
    0x08003095   0x08003095   0x00000003   PAD
    0x08003098   0x08003098   0x00000020   Data   RO         1506    Region$$Table       anon$$obj.o


    Execution Region RW_IRAM1 (Exec base: 0x20000000, Load base: 0x080030b8, Size: 0x00000670, Max: 0x00020000, ABSOLUTE)

    Exec Addr    Load Addr    Size         Type   Attr      Idx    E Section Name        Object

    0x20000000   0x080030b8   0x00000004   Data   RW         1082    .data.SystemCoreClock  system_stm32f4xx.o
    0x20000004   0x080030bc   0x00000001   Data   RW         1129    .data.UI_Task.last_cursor_pos  ui.o
    0x20000005   0x080030bd   0x00000003   PAD
    0x20000008   0x080030c0   0x00000028   Data   RW         1128    .data.ctrl_params_menu_items  ui.o
    0x20000030   0x080030e8   0x00000001   Data   RW          910    .data.uwTickFreq    stm32f4xx_hal.o
    0x20000031   0x080030e9   0x00000003   PAD
    0x20000034   0x080030ec   0x00000004   Data   RW          909    .data.uwTickPrio    stm32f4xx_hal.o
    0x20000038   0x080030f0   0x00000018   Data   RW         1126    .data.work_mode_menu_items  ui.o
    0x20000050   0x08003108   0x0000001c   Data   RW         1127    .data.work_params_menu_items  ui.o
    0x2000006c   0x08003124   0x00000004   PAD
    0x20000070        -       0x00000014   Zero   RW         1168    .bss.Screen_Clear.dma_buffer  tjc4832k035_011n.o
    0x20000084        -       0x00000080   Zero   RW         1170    .bss.Send_Xstr.dma_buffer  tjc4832k035_011n.o
    0x20000104        -       0x00000008   Zero   RW         1152    .bss.g_menu         state.o
    0x2000010c        -       0x00000060   Zero   RW           67    .bss.hdma_usart3_tx  usart.o
    0x2000016c        -       0x00000048   Zero   RW           51    .bss.htim2          tim.o
    0x200001b4        -       0x00000048   Zero   RW           66    .bss.huart3         usart.o
    0x200001fc        -       0x0000006c   Zero   RW         1097    .bss.key_states     key.o
    0x20000268        -       0x00000004   Zero   RW          911    .bss.uwTick         stm32f4xx_hal.o
    0x2000026c   0x08003124   0x00000004   PAD
    0x20000270        -       0x00000400   Zero   RW            1    STACK               startup_stm32f446xx.o


==============================================================================

Image component sizes


      Code (inc. data)   RO Data    RW Data    ZI Data      Debug   Object Name

        54          0          0          0          0       3476   dma.o
       176          0          0          0          0       2150   gpio.o
       228          0         72          0        108       2381   key.o
       214          0          0          0          0       2847   main.o
        36          8        452          0       1024        820   startup_stm32f446xx.o
       362          4          0          0          8       3729   state.o
       212          0          0          5          4       7462   stm32f4xx_hal.o
       258          0          0          0          0      11113   stm32f4xx_hal_cortex.o
      1052         12          0          0          0       9262   stm32f4xx_hal_dma.o
       420          0          0          0          0       5298   stm32f4xx_hal_gpio.o
        56          0          0          0          0       1526   stm32f4xx_hal_msp.o
       122          0          0          0          0       4637   stm32f4xx_hal_pwr_ex.o
       432          0          0          0          0       7451   stm32f4xx_hal_rcc.o
      1064          4          0          0          0      11147   stm32f4xx_hal_rcc_ex.o
      1044          0          0          0          0      44933   stm32f4xx_hal_tim.o
       188          0          0          0          0      19175   stm32f4xx_hal_tim_ex.o
      1608          0          0          0          0      24676   stm32f4xx_hal_uart.o
        72          0          0          0          0       2475   stm32f4xx_it.o
        18          0         24          4          0       2712   system_stm32f4xx.o
       188          0          0          0         72       7364   tim.o
       252         48          0          0        148       2801   tjc4832k035_011n.o
      1246         88        417         93          0       7655   ui.o
       310          0          0          0        168       7125   usart.o

    ----------------------------------------------------------------------
      9720        168       1000        108       1540     192215   Object Totals
         0          0         32          0          0          0   (incl. Generated)
       108          4          3          6          8          0   (incl. Padding)

    ----------------------------------------------------------------------

      Code (inc. data)   RO Data    RW Data    ZI Data      Debug   Library Member Name

         0          0          0          0          0          0   entry.o
         0          0          0          0          0          0   entry10a.o
         0          0          0          0          0          0   entry11a.o
         8          4          0          0          0          0   entry2.o
         4          0          0          0          0          0   entry5.o
         0          0          0          0          0          0   entry7b.o
         0          0          0          0          0          0   entry8b.o
         8          4          0          0          0          0   entry9a.o
        30          0          0          0          0          0   handlers.o
        36          8          0          0          0         68   init.o
         0          0          0          0          0          0   iusefp.o
        30          0          0          0          0         68   llshl.o
        32          0          0          0          0         68   llushr.o
        36          0          0          0          0        108   memseta.o
       908          8          0          0          0        424   printf6.o
        14          0          0          0          0         68   strlen.o
        44          0          0          0          0         80   uidiv.o
        98          0          0          0          0         92   uldiv.o
       186          0          0          0          0        176   depilogue.o
        62          0          0          0          0         80   dfixi.o
        26          0          0          0          0         76   dfltui.o
       228          0          0          0          0         96   dmul.o

    ----------------------------------------------------------------------
      1752         24          0          0          0       1404   Library Totals
         2          0          0          0          0          0   (incl. Padding)

    ----------------------------------------------------------------------

      Code (inc. data)   RO Data    RW Data    ZI Data      Debug   Library Name

      1248         24          0          0          0        976   mc_w.l
       502          0          0          0          0        428   mf_w.l

    ----------------------------------------------------------------------
      1752         24          0          0          0       1404   Library Totals

    ----------------------------------------------------------------------

==============================================================================


      Code (inc. data)   RO Data    RW Data    ZI Data      Debug   

     11472        192       1000        108       1540     192727   Grand Totals
     11472        192       1000        108       1540     192727   ELF Image Totals
     11472        192       1000        108          0          0   ROM Totals

==============================================================================

    Total RO  Size (Code + RO Data)                12472 (  12.18kB)
    Total RW  Size (RW Data + ZI Data)              1648 (   1.61kB)
    Total ROM Size (Code + RO Data + RW Data)      12580 (  12.29kB)

==============================================================================

